Component: Arm Compiler for Embedded 6.23 Tool: armlink [5f102400]

==============================================================================

Section Cross References

    startup_stm32f10x_hd.o(RESET) refers to startup_stm32f10x_hd.o(STACK) for __initial_sp
    startup_stm32f10x_hd.o(RESET) refers to startup_stm32f10x_hd.o(.text) for Reset_Handler
    startup_stm32f10x_hd.o(RESET) refers to stm32f10x_it.o(.text.NMI_Handler) for NMI_Handler
    startup_stm32f10x_hd.o(RESET) refers to stm32f10x_it.o(.text.HardFault_Handler) for HardFault_Handler
    startup_stm32f10x_hd.o(RESET) refers to stm32f10x_it.o(.text.MemManage_Handler) for MemManage_Handler
    startup_stm32f10x_hd.o(RESET) refers to stm32f10x_it.o(.text.BusFault_Handler) for BusFault_Handler
    startup_stm32f10x_hd.o(RESET) refers to stm32f10x_it.o(.text.UsageFault_Handler) for UsageFault_Handler
    startup_stm32f10x_hd.o(RESET) refers to stm32f10x_it.o(.text.SVC_Handler) for SVC_Handler
    startup_stm32f10x_hd.o(RESET) refers to stm32f10x_it.o(.text.DebugMon_Handler) for DebugMon_Handler
    startup_stm32f10x_hd.o(RESET) refers to stm32f10x_it.o(.text.PendSV_Handler) for PendSV_Handler
    startup_stm32f10x_hd.o(RESET) refers to stm32f10x_it.o(.text.SysTick_Handler) for SysTick_Handler
    startup_stm32f10x_hd.o(.text) refers to system_stm32f10x.o(.text.SystemInit) for SystemInit
    startup_stm32f10x_hd.o(.text) refers to entry.o(.ARM.Collect$$$$00000000) for __main
    system_stm32f10x.o(.ARM.exidx.text.SystemInit) refers to system_stm32f10x.o(.text.SystemInit) for [Anonymous Symbol]
    system_stm32f10x.o(.text.SystemCoreClockUpdate) refers to system_stm32f10x.o(.data.SystemCoreClock) for SystemCoreClock
    system_stm32f10x.o(.text.SystemCoreClockUpdate) refers to system_stm32f10x.o(.rodata.AHBPrescTable) for AHBPrescTable
    system_stm32f10x.o(.ARM.exidx.text.SystemCoreClockUpdate) refers to system_stm32f10x.o(.text.SystemCoreClockUpdate) for [Anonymous Symbol]
    stm32f10x_gpio.o(.text.GPIO_DeInit) refers to stm32f10x_gpio.o(.rodata..Lswitch.table.GPIO_DeInit.1) for .Lswitch.table.GPIO_DeInit.1
    stm32f10x_gpio.o(.text.GPIO_DeInit) refers to stm32f10x_rcc.o(.text.RCC_APB2PeriphResetCmd) for RCC_APB2PeriphResetCmd
    stm32f10x_gpio.o(.ARM.exidx.text.GPIO_DeInit) refers to stm32f10x_gpio.o(.text.GPIO_DeInit) for [Anonymous Symbol]
    stm32f10x_gpio.o(.text.GPIO_AFIODeInit) refers to stm32f10x_rcc.o(.text.RCC_APB2PeriphResetCmd) for RCC_APB2PeriphResetCmd
    stm32f10x_gpio.o(.ARM.exidx.text.GPIO_AFIODeInit) refers to stm32f10x_gpio.o(.text.GPIO_AFIODeInit) for [Anonymous Symbol]
    stm32f10x_gpio.o(.ARM.exidx.text.GPIO_Init) refers to stm32f10x_gpio.o(.text.GPIO_Init) for [Anonymous Symbol]
    stm32f10x_gpio.o(.ARM.exidx.text.GPIO_StructInit) refers to stm32f10x_gpio.o(.text.GPIO_StructInit) for [Anonymous Symbol]
    stm32f10x_gpio.o(.ARM.exidx.text.GPIO_ReadInputDataBit) refers to stm32f10x_gpio.o(.text.GPIO_ReadInputDataBit) for [Anonymous Symbol]
    stm32f10x_gpio.o(.ARM.exidx.text.GPIO_ReadInputData) refers to stm32f10x_gpio.o(.text.GPIO_ReadInputData) for [Anonymous Symbol]
    stm32f10x_gpio.o(.ARM.exidx.text.GPIO_ReadOutputDataBit) refers to stm32f10x_gpio.o(.text.GPIO_ReadOutputDataBit) for [Anonymous Symbol]
    stm32f10x_gpio.o(.ARM.exidx.text.GPIO_ReadOutputData) refers to stm32f10x_gpio.o(.text.GPIO_ReadOutputData) for [Anonymous Symbol]
    stm32f10x_gpio.o(.ARM.exidx.text.GPIO_SetBits) refers to stm32f10x_gpio.o(.text.GPIO_SetBits) for [Anonymous Symbol]
    stm32f10x_gpio.o(.ARM.exidx.text.GPIO_ResetBits) refers to stm32f10x_gpio.o(.text.GPIO_ResetBits) for [Anonymous Symbol]
    stm32f10x_gpio.o(.ARM.exidx.text.GPIO_WriteBit) refers to stm32f10x_gpio.o(.text.GPIO_WriteBit) for [Anonymous Symbol]
    stm32f10x_gpio.o(.ARM.exidx.text.GPIO_Write) refers to stm32f10x_gpio.o(.text.GPIO_Write) for [Anonymous Symbol]
    stm32f10x_gpio.o(.ARM.exidx.text.GPIO_PinLockConfig) refers to stm32f10x_gpio.o(.text.GPIO_PinLockConfig) for [Anonymous Symbol]
    stm32f10x_gpio.o(.ARM.exidx.text.GPIO_EventOutputConfig) refers to stm32f10x_gpio.o(.text.GPIO_EventOutputConfig) for [Anonymous Symbol]
    stm32f10x_gpio.o(.ARM.exidx.text.GPIO_EventOutputCmd) refers to stm32f10x_gpio.o(.text.GPIO_EventOutputCmd) for [Anonymous Symbol]
    stm32f10x_gpio.o(.ARM.exidx.text.GPIO_PinRemapConfig) refers to stm32f10x_gpio.o(.text.GPIO_PinRemapConfig) for [Anonymous Symbol]
    stm32f10x_gpio.o(.ARM.exidx.text.GPIO_EXTILineConfig) refers to stm32f10x_gpio.o(.text.GPIO_EXTILineConfig) for [Anonymous Symbol]
    stm32f10x_gpio.o(.ARM.exidx.text.GPIO_ETH_MediaInterfaceConfig) refers to stm32f10x_gpio.o(.text.GPIO_ETH_MediaInterfaceConfig) for [Anonymous Symbol]
    stm32f10x_rcc.o(.ARM.exidx.text.RCC_DeInit) refers to stm32f10x_rcc.o(.text.RCC_DeInit) for [Anonymous Symbol]
    stm32f10x_rcc.o(.ARM.exidx.text.RCC_HSEConfig) refers to stm32f10x_rcc.o(.text.RCC_HSEConfig) for [Anonymous Symbol]
[...]
    i.__scatterload_zeroinit                 0x080065ba   Section       14  handlers.o(i.__scatterload_zeroinit)
    i.__set_errno                            0x080065c8   Section        0  errno.o(i.__set_errno)
    _fp_digits                               0x080065d5   Thumb Code   366  printfa.o(i._fp_digits)
    i._fp_digits                             0x080065d4   Section        0  printfa.o(i._fp_digits)
    _printf_core                             0x08006759   Thumb Code  1744  printfa.o(i._printf_core)
    i._printf_core                           0x08006758   Section        0  printfa.o(i._printf_core)
    _printf_post_padding                     0x08006e35   Thumb Code    36  printfa.o(i._printf_post_padding)
    i._printf_post_padding                   0x08006e34   Section        0  printfa.o(i._printf_post_padding)
    _printf_pre_padding                      0x08006e59   Thumb Code    46  printfa.o(i._printf_pre_padding)
    i._printf_pre_padding                    0x08006e58   Section        0  printfa.o(i._printf_pre_padding)
    i.puts                                   0x08006e88   Section        0  puts.o(i.puts)
    i.sqrt                                   0x08006eac   Section        0  sqrt.o(i.sqrt)
    .L__const._ZN11Application12About_UpdateEv.aboutContent 0x08006ef8   Data          24  application.o(.rodata..L__const._ZN11Application12About_UpdateEv.aboutContent)
    ADCPrescTable                            0x08006f10   Data           4  stm32f10x_rcc.o(.rodata.ADCPrescTable)
    [Anonymous Symbol]                       0x08006f10   Section        0  stm32f10x_rcc.o(.rodata.ADCPrescTable)
    APBAHBPrescTable                         0x08006f14   Data          16  stm32f10x_rcc.o(.rodata.APBAHBPrescTable)
    [Anonymous Symbol]                       0x08006f14   Section        0  stm32f10x_rcc.o(.rodata.APBAHBPrescTable)
    zdhz                                     0x08007514   Data         192  bsp_segdz.o(.rodata._ZL4zdhz)
    [Anonymous Symbol]                       0x08007514   Section        0  bsp_segdz.o(.rodata._ZL4zdhz)
    ROW_PINS                                 0x080075d4   Data           6  key_board.o(.rodata._ZL8ROW_PINS)
    [Anonymous Symbol]                       0x080075d4   Section        0  key_board.o(.rodata._ZL8ROW_PINS)
    .L.str.23                                0x080086bd   Data          15  application.o(.rodata.str1.1)
    [Anonymous Symbol]                       0x080086bd   Section        0  application.o(.rodata.str1.1)
    .L.str.9                                 0x08008708   Data           2  application.o(.rodata.str1.1)
    .L.str.15                                0x0800870a   Data           4  application.o(.rodata.str1.1)
    .L.str.3                                 0x0800870e   Data           7  application.o(.rodata.str1.1)
    .L.str                                   0x0800872d   Data          10  application.o(.rodata.str1.1)
    .L.str.16                                0x0800875e   Data           4  application.o(.rodata.str1.1)
    .L.str.2                                 0x08008762   Data          13  application.o(.rodata.str1.1)
    .L.str.1                                 0x0800876f   Data          13  application.o(.rodata.str1.1)
    .L.str.15                                0x0800877c   Data          22  touch.o(.rodata.str1.1)
    [Anonymous Symbol]                       0x0800877c   Section        0  touch.o(.rodata.str1.1)
    .L.str.13                                0x08008792   Data          21  touch.o(.rodata.str1.1)
    .L.str.18                                0x080087a7   Data          24  touch.o(.rodata.str1.1)
    .Lstr                                    0x080087bf   Data          20  touch.o(.rodata.str1.1)
    .Lstr.19                                 0x080087d3   Data          19  touch.o(.rodata.str1.1)
    .L.str.17                                0x080087e6   Data          18  touch.o(.rodata.str1.1)
    .L.str                                   0x080087f8   Data          32  bsp_spi_bus.o(.rodata.str1.1)
    [Anonymous Symbol]                       0x080087f8   Section        0  bsp_spi_bus.o(.rodata.str1.1)
    .L.str                                   0x08008818   Data         147  cxa_guard.cpp.o(.rodata.str1.1)
    [Anonymous Symbol]                       0x08008818   Section        0  cxa_guard.cpp.o(.rodata.str1.1)
    .data                                    0x20000000   Section        4  stdout.o(.data)
    .data                                    0x20000004   Section        4  mvars.o(.data)
    .data                                    0x20000008   Section        4  mvars.o(.data)
    _errno                                   0x2000000c   Data           4  errno.o(.data)
    .data                                    0x2000000c   Section        4  errno.o(.data)
    ddtor_pointer                            0x20000010   Data           4  cpp_dtor.o(.data)
    .data                                    0x20000010   Section        4  cpp_dtor.o(.data)
    .data                                    0x20000014   Section        4  cxa_finalize.o(.data)
    SPITimeout                               0x2000002c   Data           4  bsp_spi_bus.o(.data._ZL10SPITimeout)
    [Anonymous Symbol]                       0x2000002c   Section        0  bsp_spi_bus.o(.data._ZL10SPITimeout)
    Board::GetKey()::key                     0x20000030   Data           4  board.o(.data._ZZN5Board6GetKeyEvE3key)
    [Anonymous Symbol]                       0x20000030   Section        0  board.o(.data._ZZN5Board6GetKeyEvE3key)
    guard variable for Board::GetKey()::key  0x20000080   Data           4  board.o(.bss._ZGVZN5Board6GetKeyEvE3key)
    SysTick_Handler::s_count                 0x20000086   Data           2  stm32f10x_it.o(.bss._ZZ15SysTick_HandlerE7s_count)
    [Anonymous Symbol]                       0x20000086   Section        0  stm32f10x_it.o(.bss._ZZ15SysTick_HandlerE7s_count)
    SysTick_Handler::ms_count                0x20000088   Data           2  stm32f10x_it.o(.bss._ZZ15SysTick_HandlerE8ms_count)
    [Anonymous Symbol]                       0x20000088   Section        0  stm32f10x_it.o(.bss._ZZ15SysTick_HandlerE8ms_count)
    SysTick_Handler::ns_count                0x2000008a   Data           2  stm32f10x_it.o(.bss._ZZ15SysTick_HandlerE8ns_count)
    [Anonymous Symbol]                       0x2000008a   Section        0  stm32f10x_it.o(.bss._ZZ15SysTick_HandlerE8ns_count)
    dzFlash()::dzIndex                       0x2000008c   Data           4  bsp_segdz.o(.bss._ZZ7dzFlashvE7dzIndex)
    [Anonymous Symbol]                       0x2000008c   Section        0  bsp_segdz.o(.bss._ZZ7dzFlashvE7dzIndex)
    segFlash()::segIndex                     0x20000090   Data           4  bsp_segdz.o(.bss._ZZ8segFlashvE8segIndex)
    [Anonymous Symbol]                       0x20000090   Section        0  bsp_segdz.o(.bss._ZZ8segFlashvE8segIndex)
    __tagsym$$used.1                         0x200000cc   Number         0  tasks.o(.bss.pxCurrentTCB)
    pxReadyTasksLists                        0x200000d0   Data         100  tasks.o(.bss.pxReadyTasksLists)
    [Anonymous Symbol]                       0x200000d0   Section        0  tasks.o(.bss.pxReadyTasksLists)
    uxSchedulerSuspended                     0x20000138   Data           4  tasks.o(.bss.uxSchedulerSuspended)
    [Anonymous Symbol]                       0x20000138   Section        0  tasks.o(.bss.uxSchedulerSuspended)
    uxTopReadyPriority                       0x2000013c   Data           4  tasks.o(.bss.uxTopReadyPriority)
    [Anonymous Symbol]                       0x2000013c   Section        0  tasks.o(.bss.uxTopReadyPriority)
    xYieldPendings                           0x20000140   Data           4  tasks.o(.bss.xYieldPendings)
    [Anonymous Symbol]                       0x20000140   Section        0  tasks.o(.bss.xYieldPendings)
    HEAP                                     0x20000148   Section    10240  startup_stm32f10x_hd.o(HEAP)
    STACK                                    0x20002948   Section     4096  startup_stm32f10x_hd.o(STACK)

    Global Symbols

    Symbol Name                              Value     Ov Type        Size  Object(Section)

    BuildAttributes$$THM_ISAv4$P$D$K$B$S$PE$A:L22UL41UL21$X:L11$S22US41US21$IEEE1$IW$~IW$USESV6$~STKCKD$USESV7$~SHL$OTIME$ROPI$IEEEJ$EBA8$MICROLIB$REQ8$PRES8$EABIv2 0x00000000   Number         0  anon$$obj.o ABSOLUTE
    _printf_a                                0x00000000   Number         0  printfstubs.o ABSOLUTE
    _printf_c                                0x00000000   Number         0  printfstubs.o ABSOLUTE
    _printf_charcount                        0x00000000   Number         0  printfstubs.o ABSOLUTE
    _printf_d                                0x00000000   Number         0  printfstubs.o ABSOLUTE
    _printf_e                                0x00000000   Number         0  printfstubs.o ABSOLUTE
    _printf_f                                0x00000000   Number         0  printfstubs.o ABSOLUTE
    _printf_flags                            0x00000000   Number         0  printfstubs.o ABSOLUTE
    _printf_fp_dec                           0x00000000   Number         0  printfstubs.o ABSOLUTE
    _printf_fp_hex                           0x00000000   Number         0  printfstubs.o ABSOLUTE
    _printf_g                                0x00000000   Number         0  printfstubs.o ABSOLUTE
    _printf_i                                0x00000000   Number         0  printfstubs.o ABSOLUTE
    _printf_int_dec                          0x00000000   Number         0  printfstubs.o ABSOLUTE
    _printf_l                                0x00000000   Number         0  printfstubs.o ABSOLUTE
    _printf_lc                               0x00000000   Number         0  printfstubs.o ABSOLUTE
    _printf_ll                               0x00000000   Number         0  printfstubs.o ABSOLUTE
    _printf_lld                              0x00000000   Number         0  printfstubs.o ABSOLUTE
    _printf_lli                              0x00000000   Number         0  printfstubs.o ABSOLUTE
    _printf_llo                              0x00000000   Number         0  printfstubs.o ABSOLUTE
    _printf_llu                              0x00000000   Number         0  printfstubs.o ABSOLUTE
    _printf_llx                              0x00000000   Number         0  printfstubs.o ABSOLUTE
    _printf_longlong_dec                     0x00000000   Number         0  printfstubs.o ABSOLUTE
    _printf_longlong_hex                     0x00000000   Number         0  printfstubs.o ABSOLUTE
    _printf_longlong_oct                     0x00000000   Number         0  printfstubs.o ABSOLUTE
    _printf_ls                               0x00000000   Number         0  printfstubs.o ABSOLUTE
    _printf_mbtowc                           0x00000000   Number         0  printfstubs.o ABSOLUTE
    _printf_n                                0x00000000   Number         0  printfstubs.o ABSOLUTE
    _printf_o                                0x00000000   Number         0  printfstubs.o ABSOLUTE
    _printf_p                                0x00000000   Number         0  printfstubs.o ABSOLUTE
    _printf_percent                          0x00000000   Number         0  printfstubs.o ABSOLUTE
    _printf_pre_padding                      0x00000000   Number         0  printfstubs.o ABSOLUTE
    _printf_return_value                     0x00000000   Number         0  printfstubs.o ABSOLUTE
    _printf_s                                0x00000000   Number         0  printfstubs.o ABSOLUTE
    _printf_sizespec                         0x00000000   Number         0  printfstubs.o ABSOLUTE
    _printf_str                              0x00000000   Number         0  printfstubs.o ABSOLUTE
    _printf_truncate_signed                  0x00000000   Number         0  printfstubs.o ABSOLUTE
    _printf_truncate_unsigned                0x00000000   Number         0  printfstubs.o ABSOLUTE
    _printf_u                                0x00000000   Number         0  printfstubs.o ABSOLUTE
    _printf_wc                               0x00000000   Number         0  printfstubs.o ABSOLUTE
    _printf_wctomb                           0x00000000   Number         0  printfstubs.o ABSOLUTE
    _printf_widthprec                        0x00000000   Number         0  printfstubs.o ABSOLUTE
    _printf_x                                0x00000000   Number         0  printfstubs.o ABSOLUTE
    __cpp_initialize__aeabi_                  - Undefined Weak Reference
    __decompress                              - Undefined Weak Reference
    __lcxx_override$$Base                     - Undefined Reference
    __lcxx_override$$Limit                    - Undefined Reference
    _clock_init                               - Undefined Weak Reference
    _microlib_exit                            - Undefined Weak Reference
    _mutex_acquire                            - Undefined Weak Reference
    _mutex_release                            - Undefined Weak Reference
    __Vectors_Size                           0x00000130   Number         0  startup_stm32f10x_hd.o ABSOLUTE
    __Vectors                                0x08000000   Data           4  startup_stm32f10x_hd.o(RESET)
    __dso_handle                             0x08000000   Number         0  startup_stm32f10x_hd.o(RESET)
    __Vectors_End                            0x08000130   Data           0  startup_stm32f10x_hd.o(RESET)
    __main                                   0x08000131   Thumb Code     0  entry.o(.ARM.Collect$$$$00000000)
    _main_stk                                0x08000131   Thumb Code     0  entry2.o(.ARM.Collect$$$$00000001)
    _main_scatterload                        0x08000135   Thumb Code     0  entry5.o(.ARM.Collect$$$$00000004)
    __main_after_scatterload                 0x08000139   Thumb Code     0  entry5.o(.ARM.Collect$$$$00000004)
    _main_clock                              0x08000139   Thumb Code     0  entry7b.o(.ARM.Collect$$$$00000008)
    _main_cpp_init                           0x08000139   Thumb Code     0  entry8b.o(.ARM.Collect$$$$0000000A)
    _main_init                               0x08000139   Thumb Code     0  entry9a.o(.ARM.Collect$$$$0000000B)
    __rt_final_cpp                           0x08000141   Thumb Code     0  entry10a.o(.ARM.Collect$$$$0000000D)
    __rt_final_cpp$nonempty                  0x08000141   Thumb Code     0  entry10b.o(.ARM.Collect$$$$0000000E)
    __rt_final_exit                          0x08000145   Thumb Code     0  entry11a.o(.ARM.Collect$$$$0000000F)
    Reset_Handler                            0x08000149   Thumb Code     8  startup_stm32f10x_hd.o(.text)
    ADC1_2_IRQHandler                        0x08000163   Thumb Code     0  startup_stm32f10x_hd.o(.text)
    ADC3_IRQHandler                          0x08000163   Thumb Code     0  startup_stm32f10x_hd.o(.text)
    CAN1_RX1_IRQHandler                      0x08000163   Thumb Code     0  startup_stm32f10x_hd.o(.text)
    CAN1_SCE_IRQHandler                      0x08000163   Thumb Code     0  startup_stm32f10x_hd.o(.text)
    DMA1_Channel1_IRQHandler                 0x08000163   Thumb Code     0  startup_stm32f10x_hd.o(.text)
    DMA1_Channel2_IRQHandler                 0x08000163   Thumb Code     0  startup_stm32f10x_hd.o(.text)
    DMA1_Channel3_IRQHandler                 0x08000163   Thumb Code     0  startup_stm32f10x_hd.o(.text)
    DMA1_Channel4_IRQHandler                 0x08000163   Thumb Code     0  startup_stm32f10x_hd.o(.text)
    DMA1_Channel5_IRQHandler                 0x08000163   Thumb Code     0  startup_stm32f10x_hd.o(.text)
    DMA1_Channel6_IRQHandler                 0x08000163   Thumb Code     0  startup_stm32f10x_hd.o(.text)
    DMA1_Channel7_IRQHandler                 0x08000163   Thumb Code     0  startup_stm32f10x_hd.o(.text)
    DMA2_Channel1_IRQHandler                 0x08000163   Thumb Code     0  startup_stm32f10x_hd.o(.text)
    DMA2_Channel2_IRQHandler                 0x08000163   Thumb Code     0  startup_stm32f10x_hd.o(.text)
    DMA2_Channel3_IRQHandler                 0x08000163   Thumb Code     0  startup_stm32f10x_hd.o(.text)
    DMA2_Channel4_5_IRQHandler               0x08000163   Thumb Code     0  startup_stm32f10x_hd.o(.text)
    EXTI0_IRQHandler                         0x08000163   Thumb Code     0  startup_stm32f10x_hd.o(.text)
    EXTI15_10_IRQHandler                     0x08000163   Thumb Code     0  startup_stm32f10x_hd.o(.text)
    EXTI1_IRQHandler                         0x08000163   Thumb Code     0  startup_stm32f10x_hd.o(.text)
    EXTI2_IRQHandler                         0x08000163   Thumb Code     0  startup_stm32f10x_hd.o(.text)
    EXTI3_IRQHandler                         0x08000163   Thumb Code     0  startup_stm32f10x_hd.o(.text)
    EXTI4_IRQHandler                         0x08000163   Thumb Code     0  startup_stm32f10x_hd.o(.text)
    EXTI9_5_IRQHandler                       0x08000163   Thumb Code     0  startup_stm32f10x_hd.o(.text)
    FLASH_IRQHandler                         0x08000163   Thumb Code     0  startup_stm32f10x_hd.o(.text)
    FSMC_IRQHandler                          0x08000163   Thumb Code     0  startup_stm32f10x_hd.o(.text)
    I2C1_ER_IRQHandler                       0x08000163   Thumb Code     0  startup_stm32f10x_hd.o(.text)
    I2C1_EV_IRQHandler                       0x08000163   Thumb Code     0  startup_stm32f10x_hd.o(.text)
    I2C2_ER_IRQHandler                       0x08000163   Thumb Code     0  startup_stm32f10x_hd.o(.text)
    I2C2_EV_IRQHandler                       0x08000163   Thumb Code     0  startup_stm32f10x_hd.o(.text)
    PVD_IRQHandler                           0x08000163   Thumb Code     0  startup_stm32f10x_hd.o(.text)
    RCC_IRQHandler                           0x08000163   Thumb Code     0  startup_stm32f10x_hd.o(.text)
    RTCAlarm_IRQHandler                      0x08000163   Thumb Code     0  startup_stm32f10x_hd.o(.text)
    RTC_IRQHandler                           0x08000163   Thumb Code     0  startup_stm32f10x_hd.o(.text)
    SDIO_IRQHandler                          0x08000163   Thumb Code     0  startup_stm32f10x_hd.o(.text)
    SPI1_IRQHandler                          0x08000163   Thumb Code     0  startup_stm32f10x_hd.o(.text)
    SPI2_IRQHandler                          0x08000163   Thumb Code     0  startup_stm32f10x_hd.o(.text)
    SPI3_IRQHandler                          0x08000163   Thumb Code     0  startup_stm32f10x_hd.o(.text)
    TAMPER_IRQHandler                        0x08000163   Thumb Code     0  startup_stm32f10x_hd.o(.text)
    TIM1_BRK_IRQHandler                      0x08000163   Thumb Code     0  startup_stm32f10x_hd.o(.text)
    TIM1_CC_IRQHandler                       0x08000163   Thumb Code     0  startup_stm32f10x_hd.o(.text)
    TIM1_TRG_COM_IRQHandler                  0x08000163   Thumb Code     0  startup_stm32f10x_hd.o(.text)
    TIM1_UP_IRQHandler                       0x08000163   Thumb Code     0  startup_stm32f10x_hd.o(.text)
    TIM2_IRQHandler                          0x08000163   Thumb Code     0  startup_stm32f10x_hd.o(.text)
    TIM3_IRQHandler                          0x08000163   Thumb Code     0  startup_stm32f10x_hd.o(.text)
    TIM4_IRQHandler                          0x08000163   Thumb Code     0  startup_stm32f10x_hd.o(.text)
    TIM5_IRQHandler                          0x08000163   Thumb Code     0  startup_stm32f10x_hd.o(.text)
    TIM6_IRQHandler                          0x08000163   Thumb Code     0  startup_stm32f10x_hd.o(.text)
    TIM7_IRQHandler                          0x08000163   Thumb Code     0  startup_stm32f10x_hd.o(.text)
    TIM8_BRK_IRQHandler                      0x08000163   Thumb Code     0  startup_stm32f10x_hd.o(.text)
    TIM8_CC_IRQHandler                       0x08000163   Thumb Code     0  startup_stm32f10x_hd.o(.text)
    TIM8_TRG_COM_IRQHandler                  0x08000163   Thumb Code     0  startup_stm32f10x_hd.o(.text)
    TIM8_UP_IRQHandler                       0x08000163   Thumb Code     0  startup_stm32f10x_hd.o(.text)
    UART4_IRQHandler                         0x08000163   Thumb Code     0  startup_stm32f10x_hd.o(.text)
    UART5_IRQHandler                         0x08000163   Thumb Code     0  startup_stm32f10x_hd.o(.text)
    USART1_IRQHandler                        0x08000163   Thumb Code     0  startup_stm32f10x_hd.o(.text)
    USART2_IRQHandler                        0x08000163   Thumb Code     0  startup_stm32f10x_hd.o(.text)
    USART3_IRQHandler                        0x08000163   Thumb Code     0  startup_stm32f10x_hd.o(.text)
    USBWakeUp_IRQHandler                     0x08000163   Thumb Code     0  startup_stm32f10x_hd.o(.text)
    USB_HP_CAN1_TX_IRQHandler                0x08000163   Thumb Code     0  startup_stm32f10x_hd.o(.text)
    USB_LP_CAN1_RX0_IRQHandler               0x08000163   Thumb Code     0  startup_stm32f10x_hd.o(.text)
    WWDG_IRQHandler                          0x08000163   Thumb Code     0  startup_stm32f10x_hd.o(.text)
    __cxa_atexit                             0x0800016d   Thumb Code    10  cxa_atexit.o(.text)
    __aeabi_fadd                             0x08000177   Thumb Code   164  fadd.o(.text)
    __aeabi_fsub                             0x0800021b   Thumb Code     6  fadd.o(.text)
    __aeabi_frsub                            0x08000221   Thumb Code     6  fadd.o(.text)
    __aeabi_fmul                             0x08000227   Thumb Code   100  fmul.o(.text)
    __aeabi_fdiv                             0x0800028b   Thumb Code   124  fdiv.o(.text)
    __aeabi_dmul                             0x08000307   Thumb Code   228  dmul.o(.text)
    __aeabi_fcmple                           0x080003eb   Thumb Code    28  fcmple.o(.text)
    __aeabi_fcmpgt                           0x08000407   Thumb Code    28  fcmpgt.o(.text)
    __aeabi_dcmple                           0x08000423   Thumb Code    54  dcmple.o(.text)
    __aeabi_dcmplt                           0x08000459   Thumb Code    54  dcmplt.o(.text)
    __aeabi_i2f                              0x0800048f   Thumb Code    18  fflti.o(.text)
    __aeabi_ui2f                             0x080004a1   Thumb Code    10  ffltui.o(.text)
    __aeabi_ui2d                             0x080004ab   Thumb Code    26  dfltui.o(.text)
    __aeabi_f2iz                             0x080004c5   Thumb Code    50  ffixi.o(.text)
    __aeabi_d2iz                             0x080004f7   Thumb Code    62  dfixi.o(.text)
    __aeabi_f2d                              0x08000535   Thumb Code    38  f2d.o(.text)
    __aeabi_uidiv                            0x0800055b   Thumb Code     0  uidiv.o(.text)
    __aeabi_uidivmod                         0x0800055b   Thumb Code    44  uidiv.o(.text)
    __aeabi_uldivmod                         0x08000587   Thumb Code    98  uldiv.o(.text)
    __aeabi_llsr                             0x080005e9   Thumb Code    32  llushr.o(.text)
    _ll_ushift_r                             0x080005e9   Thumb Code     0  llushr.o(.text)
    __I$use$fp                               0x08000609   Thumb Code     0  iusefp.o(.text)
    __aeabi_atexit                           0x08000609   Thumb Code    64  aeabi_atexit.o(.text)
    _float_round                             0x08000651   Thumb Code    18  fepilogue.o(.text)
    _float_epilogue                          0x08000663   Thumb Code    92  fepilogue.o(.text)
    _double_round                            0x080006bf   Thumb Code    30  depilogue.o(.text)
    _double_epilogue                         0x080006dd   Thumb Code   156  depilogue.o(.text)
    __aeabi_dadd                             0x08000779   Thumb Code   322  dadd.o(.text)
    __aeabi_dsub                             0x080008bb   Thumb Code     6  dadd.o(.text)
    __aeabi_drsub                            0x080008c1   Thumb Code     6  dadd.o(.text)
    __aeabi_ddiv                             0x080008c7   Thumb Code   222  ddiv.o(.text)
    _dsqrt                                   0x080009a5   Thumb Code   162  dsqrt.o(.text)
    __aeabi_d2ulz                            0x08000a47   Thumb Code    48  dfixul.o(.text)
    __aeabi_cdrcmple                         0x08000a79   Thumb Code    48  cdrcmple.o(.text)
    __scatterload                            0x08000aa9   Thumb Code    38  init.o(.text)
    __scatterload_rt2                        0x08000aa9   Thumb Code     0  init.o(.text)
    __aeabi_llsl                             0x08000ad9   Thumb Code    30  llshl.o(.text)
    _ll_shift_l                              0x08000ad9   Thumb Code     0  llshl.o(.text)
    __aeabi_lasr                             0x08000af7   Thumb Code    36  llsshr.o(.text)
    _ll_sshift_r                             0x08000af7   Thumb Code     0  llsshr.o(.text)
    __rt_ddtor_pointer_addr                  0x08000b1d   Thumb Code     4  cpp_dtor.o(.text)
    __cxa_finalize                           0x08000b25   Thumb Code    92  cxa_finalize.o(.text)
    __rt_lib_shutdown_cpp_2                  0x08000b89   Thumb Code     2  cpp_final.o(.text)
    BusFault_Handler                         0x08000b8d   Thumb Code     2  stm32f10x_it.o(.text.BusFault_Handler)
    DebugMon_Handler                         0x08000b91   Thumb Code     2  stm32f10x_it.o(.text.DebugMon_Handler)
    GPIO_Init                                0x08000b95   Thumb Code   188  stm32f10x_gpio.o(.text.GPIO_Init)
    GPIO_PinRemapConfig                      0x08000c51   Thumb Code   128  stm32f10x_gpio.o(.text.GPIO_PinRemapConfig)
    GPIO_ReadInputDataBit                    0x08000cd1   Thumb Code    10  stm32f10x_gpio.o(.text.GPIO_ReadInputDataBit)
    GPIO_ResetBits                           0x08000cdd   Thumb Code     4  stm32f10x_gpio.o(.text.GPIO_ResetBits)
    GPIO_SetBits                             0x08000ce1   Thumb Code     4  stm32f10x_gpio.o(.text.GPIO_SetBits)
    GPIO_WriteBit                            0x08000ce5   Thumb Code    12  stm32f10x_gpio.o(.text.GPIO_WriteBit)
    HardFault_Handler                        0x08000cf1   Thumb Code     2  stm32f10x_it.o(.text.HardFault_Handler)
    MemManage_Handler                        0x08000cf5   Thumb Code     2  stm32f10x_it.o(.text.MemManage_Handler)
    NMI_Handler                              0x08000cf9   Thumb Code     2  stm32f10x_it.o(.text.NMI_Handler)
    NVIC_Init                                0x08000cfd   Thumb Code    94  misc.o(.text.NVIC_Init)
    NVIC_PriorityGroupConfig                 0x08000d5d   Thumb Code    20  misc.o(.text.NVIC_PriorityGroupConfig)
    PendSV_Handler                           0x08000d71   Thumb Code     2  stm32f10x_it.o(.text.PendSV_Handler)
    RCC_APB1PeriphClockCmd                   0x08000d75   Thumb Code    24  stm32f10x_rcc.o(.text.RCC_APB1PeriphClockCmd)
    RCC_APB2PeriphClockCmd                   0x08000d8d   Thumb Code    24  stm32f10x_rcc.o(.text.RCC_APB2PeriphClockCmd)
    RCC_GetClocksFreq                        0x08000da5   Thumb Code   140  stm32f10x_rcc.o(.text.RCC_GetClocksFreq)
    SPI_Cmd                                  0x08000e31   Thumb Code    20  stm32f10x_spi.o(.text.SPI_Cmd)
    SPI_I2S_GetFlagStatus                    0x08000e45   Thumb Code    10  stm32f10x_spi.o(.text.SPI_I2S_GetFlagStatus)
    SPI_I2S_ReceiveData                      0x08000e51   Thumb Code     4  stm32f10x_spi.o(.text.SPI_I2S_ReceiveData)
    SPI_I2S_SendData                         0x08000e55   Thumb Code     4  stm32f10x_spi.o(.text.SPI_I2S_SendData)
    SPI_Init                                 0x08000e59   Thumb Code    70  stm32f10x_spi.o(.text.SPI_Init)
    SVC_Handler                              0x08000ea1   Thumb Code     2  stm32f10x_it.o(.text.SVC_Handler)
    SysTick_Handler                          0x08000ea5   Thumb Code   140  stm32f10x_it.o(.text.SysTick_Handler)
    SystemInit                               0x08000f31   Thumb Code   268  system_stm32f10x.o(.text.SystemInit)
    TIM_ARRPreloadConfig                     0x0800103d   Thumb Code    20  stm32f10x_tim.o(.text.TIM_ARRPreloadConfig)
    TIM_CCxCmd                               0x08001051   Thumb Code    32  stm32f10x_tim.o(.text.TIM_CCxCmd)
    TIM_Cmd                                  0x08001071   Thumb Code    18  stm32f10x_tim.o(.text.TIM_Cmd)
    TIM_CtrlPWMOutputs                       0x08001085   Thumb Code    24  stm32f10x_tim.o(.text.TIM_CtrlPWMOutputs)
    TIM_OC1Init                              0x0800109d   Thumb Code   112  stm32f10x_tim.o(.text.TIM_OC1Init)
    TIM_OC1PreloadConfig                     0x0800110d   Thumb Code    12  stm32f10x_tim.o(.text.TIM_OC1PreloadConfig)
    TIM_OC2Init                              0x08001119   Thumb Code   116  stm32f10x_tim.o(.text.TIM_OC2Init)
    TIM_OC2PreloadConfig                     0x0800118d   Thumb Code    14  stm32f10x_tim.o(.text.TIM_OC2PreloadConfig)
    TIM_OC3Init                              0x0800119d   Thumb Code   116  stm32f10x_tim.o(.text.TIM_OC3Init)
    TIM_OC3PreloadConfig                     0x08001211   Thumb Code    12  stm32f10x_tim.o(.text.TIM_OC3PreloadConfig)
    TIM_OC4Init                              0x0800121d   Thumb Code    92  stm32f10x_tim.o(.text.TIM_OC4Init)
    TIM_OC4PreloadConfig                     0x08001279   Thumb Code    14  stm32f10x_tim.o(.text.TIM_OC4PreloadConfig)
    TIM_SetCompare1                          0x08001289   Thumb Code     4  stm32f10x_tim.o(.text.TIM_SetCompare1)
    TIM_SetCompare2                          0x0800128d   Thumb Code     4  stm32f10x_tim.o(.text.TIM_SetCompare2)
    TIM_SetCompare3                          0x08001291   Thumb Code     4  stm32f10x_tim.o(.text.TIM_SetCompare3)
    TIM_TimeBaseInit                         0x08001295   Thumb Code   170  stm32f10x_tim.o(.text.TIM_TimeBaseInit)
    USART_Cmd                                0x08001341   Thumb Code    20  stm32f10x_usart.o(.text.USART_Cmd)
    USART_GetFlagStatus                      0x08001355   Thumb Code    10  stm32f10x_usart.o(.text.USART_GetFlagStatus)
    USART_ITConfig                           0x08001361   Thumb Code    46  stm32f10x_usart.o(.text.USART_ITConfig)
    USART_Init                               0x08001391   Thumb Code   182  stm32f10x_usart.o(.text.USART_Init)
    USART_SendData                           0x08001449   Thumb Code     8  stm32f10x_usart.o(.text.USART_SendData)
    UsageFault_Handler                       0x08001451   Thumb Code     2  stm32f10x_it.o(.text.UsageFault_Handler)
    ESP_Config()                             0x08001455   Thumb Code   236  bsp_espxx.o(.text._Z10ESP_Configv)
    ee_CheckOk()                             0x08001541   Thumb Code    22  bsp_i2c_ee.o(.text._Z10ee_CheckOkv)
    gui_circle(int, int, unsigned short, int, int) 0x08001559   Thumb Code   210  bsp_gui.o(.text._Z10gui_circleiitii)
    oled_Clear()                             0x0800162d   Thumb Code   252  bsp_oled.o(.text._Z10oled_Clearv)
    JQ8900setup()                            0x08001729   Thumb Code   158  bsp_jq8900.o(.text._Z11JQ8900setupv)
    LCD_ShowNum(unsigned short, unsigned short, unsigned int, unsigned char, unsigned char) 0x080017c9   Thumb Code   216  bsp_gui.o(.text._Z11LCD_ShowNumttjhh)
    SetRGBColor(unsigned int)                0x080018a1   Thumb Code    44  bsp_led.o(.text._Z11SetRGBColorj)
    TP_Read_XOY(unsigned char)               0x080018cd   Thumb Code   168  touch.o(.text._Z11TP_Read_XOYh)
    TP_Read_XY2(unsigned short*, unsigned short*) 0x08001975   Thumb Code   300  touch.o(.text._Z11TP_Read_XY2PtS_)
    i2c_WaitAck()                            0x08001aa1   Thumb Code    62  bsp_i2c_gpio.o(.text._Z11i2c_WaitAckv)
    oled_SetPos(unsigned char, unsigned char) 0x08001ae1   Thumb Code   186  bsp_oled.o(.text._Z11oled_SetPoshh)
    LCD_DrawLine(unsigned short, unsigned short, unsigned short, unsigned short) 0x08001b9d   Thumb Code   154  bsp_gui.o(.text._Z12LCD_DrawLinetttt)
    LCD_ShowChar(unsigned short, unsigned short, unsigned short, unsigned short, unsigned char, unsigned char, unsigned char) 0x08001c39   Thumb Code   374  bsp_gui.o(.text._Z12LCD_ShowChartttthhh)
    SysTick_Init()                           0x08001db1   Thumb Code    62  bsp_systick.o(.text._Z12SysTick_Initv)
    USART_Config()                           0x08001df1   Thumb Code   164  bsp_usart.o(.text._Z12USART_Configv)
    bsp_SPI_Init(unsigned short)             0x08001e95   Thumb Code    36  bsp_spi_bus.o(.text._Z12bsp_SPI_Initt)
    bsp_spiRead1()                           0x08001eb9   Thumb Code   130  bsp_spi_bus.o(.text._Z12bsp_spiRead1v)
    create_board()                           0x08001f3d   Thumb Code    16  school-stm32f103vct6.o(.text._Z12create_boardv)
    ee_ReadBytes(unsigned char*, unsigned short, unsigned short) 0x08001f4d   Thumb Code    96  bsp_i2c_ee.o(.text._Z12ee_ReadBytesPhtt)
    i2c_ReadByte()                           0x08001fad   Thumb Code    68  bsp_i2c_gpio.o(.text._Z12i2c_ReadBytev)
    i2c_SendByte(unsigned char)              0x08001ff1   Thumb Code    94  bsp_i2c_gpio.o(.text._Z12i2c_SendByteh)
    oled_ShowNum(unsigned char, unsigned char, unsigned int, unsigned char, unsigned char) 0x08002051   Thumb Code   154  bsp_oled.o(.text._Z12oled_ShowNumhhjhh)
    LCD_DrawPoint(unsigned short, unsigned short) 0x080020ed   Thumb Code    96  bsp_lcd.o(.text._Z13LCD_DrawPointtt)
    LCD_SetCursor(unsigned short, unsigned short) 0x0800214d   Thumb Code     8  bsp_lcd.o(.text._Z13LCD_SetCursortt)
    bsp_spiWrite0(unsigned char)             0x08002155   Thumb Code   134  bsp_spi_bus.o(.text._Z13bsp_spiWrite0h)
    ee_WriteBytes(unsigned char*, unsigned short, unsigned short) 0x080021dd   Thumb Code   124  bsp_i2c_ee.o(.text._Z13ee_WriteBytesPhtt)
    oled_ShowChar(unsigned char, unsigned char, unsigned char) 0x08002259   Thumb Code   206  bsp_oled.o(.text._Z13oled_ShowCharhhh)
    GUI_DrawFont16(unsigned short, unsigned short, unsigned short, unsigned short, unsigned char*, unsigned char) 0x08002329   Thumb Code   258  bsp_gui.o(.text._Z14GUI_DrawFont16ttttPhh)
    GUI_DrawFont24(unsigned short, unsigned short, unsigned short, unsigned short, unsigned char*, unsigned char) 0x0800242d   Thumb Code   274  bsp_gui.o(.text._Z14GUI_DrawFont24ttttPhh)
    GUI_DrawFont32(unsigned short, unsigned short, unsigned short, unsigned short, unsigned char*, unsigned char) 0x08002541   Thumb Code   270  bsp_gui.o(.text._Z14GUI_DrawFont32ttttPhh)
    LCD_SetWindows(unsigned short, unsigned short, unsigned short, unsigned short) 0x08002651   Thumb Code   512  bsp_lcd.o(.text._Z14LCD_SetWindowstttt)
    LCD_ShowString(unsigned short, unsigned short, unsigned char, unsigned char*, unsigned char) 0x08002851   Thumb Code   136  bsp_gui.o(.text._Z14LCD_ShowStringtthPhh)
    TP_Get_Adjdata()                         0x080028d9   Thumb Code   288  touch.o(.text._Z14TP_Get_Adjdatav)
    Usart_SendByte(USART_TypeDef*, unsigned char) 0x080029f9   Thumb Code    22  bsp_usart.o(.text._Z14Usart_SendByteP13USART_TypeDefh)
    _draw_circle_8(int, int, int, int, unsigned short) 0x08002a11   Thumb Code   178  bsp_gui.o(.text._Z14_draw_circle_8iiiit)
    bsp_InitSPIBus()                         0x08002ac5   Thumb Code   170  bsp_spi_bus.o(.text._Z14bsp_InitSPIBusv)
    LED_GPIO_Config()                        0x08002b71   Thumb Code    98  bsp_led.o(.text._Z15LED_GPIO_Configv)
    TP_Save_Adjdata()                        0x08002bd5   Thumb Code   264  touch.o(.text._Z15TP_Save_Adjdatav)
    i2c_CheckDevice(unsigned char)           0x08002cdd   Thumb Code   278  bsp_i2c_gpio.o(.text._Z15i2c_CheckDeviceh)
    oled_ShowString(unsigned char, unsigned char, unsigned char*) 0x08002df5   Thumb Code   378  bsp_oled.o(.text._Z15oled_ShowStringhhPh)
    seg_dz_GPIOInit()                        0x08002f71   Thumb Code    78  bsp_segdz.o(.text._Z15seg_dz_GPIOInitv)
    ADVANCE_TIM_Init()                       0x08002fc1   Thumb Code   228  bsp_advancetim.o(.text._Z16ADVANCE_TIM_Initv)
    GENERAL_TIM_Init()                       0x080030a5   Thumb Code   308  bsp_generaltim.o(.text._Z16GENERAL_TIM_Initv)
    SysTick_Delay_Ms(unsigned int)           0x080031d9   Thumb Code    98  bsp_systick.o(.text._Z16SysTick_Delay_Msj)
    TP_Adj_Info_Show(unsigned short, unsigned short, unsigned short, unsigned short, unsigned short, unsigned short, unsigned short, unsigned short, unsigned short) 0x0800323d   Thumb Code   344  touch.o(.text._Z16TP_Adj_Info_Showttttttttt)
    DCMotor_Dir_Config(unsigned char)        0x080033bd   Thumb Code   134  bsp_generaltim.o(.text._Z18DCMotor_Dir_Configh)
    LCD_WriteData_16Bit(unsigned short)      0x08003445   Thumb Code    80  bsp_lcd.o(.text._Z19LCD_WriteData_16Bitt)
    oled_ShowAsciiString(unsigned char, unsigned char, unsigned char*) 0x08003495   Thumb Code    54  bsp_oled.o(.text._Z20oled_ShowAsciiStringhhPh)
    DelayMs(unsigned int)                    0x080034cd   Thumb Code    36  util.o(.text._Z7DelayMsj)
    DelayUs(unsigned int)                    0x080034fd   Thumb Code    38  util.o(.text._Z7DelayUsj)
    TP_Init()                                0x08003525   Thumb Code   248  touch.o(.text._Z7TP_Initv)
    TP_Scan(unsigned char)                   0x0800361d   Thumb Code   186  touch.o(.text._Z7TP_Scanh)
    TP_test()                                0x080036d9   Thumb Code    76  touch.o(.text._Z7TP_testv)
    dzFlash()                                0x08003725   Thumb Code   144  bsp_segdz.o(.text._Z7dzFlashv)
    i2c_Ack()                                0x080037b5   Thumb Code    54  bsp_i2c_gpio.o(.text._Z7i2c_Ackv)
    LCD_Init()                               0x080037ed   Thumb Code  2890  bsp_lcd.o(.text._Z8LCD_Initv)
    Show_Str(unsigned short, unsigned short, unsigned short, unsigned short, unsigned char*, unsigned char, unsigned char) 0x08004339   Thumb Code   236  bsp_gui.o(.text._Z8Show_StrttttPhhh)
    i2c_NAck()                               0x08004425   Thumb Code    44  bsp_i2c_gpio.o(.text._Z8i2c_NAckv)
    i2c_Stop()                               0x08004451   Thumb Code    44  bsp_i2c_gpio.o(.text._Z8i2c_Stopv)
    segFlash()                               0x0800447d   Thumb Code   124  bsp_segdz.o(.text._Z8segFlashv)
    ADCx_Init()                              0x080044f9   Thumb Code    42  bsp_adc.o(.text._Z9ADCx_Initv)
    LCD_Clear(unsigned short)                0x08004525   Thumb Code   170  bsp_lcd.o(.text._Z9LCD_Cleart)
    TP_Adjust()                              0x080045d1   Thumb Code  3048  touch.o(.text._Z9TP_Adjustv)
    i2c_Start()                              0x08005239   Thumb Code    54  bsp_i2c_gpio.o(.text._Z9i2c_Startv)
    oled_Init()                              0x08005271   Thumb Code  1578  bsp_oled.o(.text._Z9oled_Initv)
    Application::About_Init()                0x0800589d   Thumb Code    32  application.o(.text._ZN11Application10About_InitEv)
    Application::Timer_Init()                0x080058bd   Thumb Code    32  application.o(.text._ZN11Application10Timer_InitEv)
    Application::Menu_Update()               0x080058dd   Thumb Code   214  application.o(.text._ZN11Application11Menu_UpdateEv)
    Application::Menu_Display()              0x080059b5   Thumb Code   124  application.o(.text._ZN11Application12Menu_DisplayEv)
    Application::Timer_Update()              0x08005a41   Thumb Code   142  application.o(.text._ZN11Application12Timer_UpdateEv)
    Application::MainEventLoop()             0x08005ad1   Thumb Code   188  application.o(.text._ZN11Application13MainEventLoopEv)
    Application::Menu_HandleKey(unsigned char) 0x08005ba1   Thumb Code   226  application.o(.text._ZN11Application14Menu_HandleKeyEh)
    Application::FanControl_Init()           0x08005c85   Thumb Code    30  application.o(.text._ZN11Application15FanControl_InitEv)
    Application::LEDControl_Init()           0x08005ca5   Thumb Code    30  application.o(.text._ZN11Application15LEDControl_InitEv)
    Application::LEDControl_Update()         0x08005cc5   Thumb Code    84  application.o(.text._ZN11Application17LEDControl_UpdateEv)
    Application::LEDControl_HandleKey(unsigned char) 0x08005d45   Thumb Code   150  application.o(.text._ZN11Application20LEDControl_HandleKeyEh)
    Application::Start()                     0x08005ddd   Thumb Code   160  application.o(.text._ZN11Application5StartEv)
    Application::Application()               0x08005ea9   Thumb Code    28  application.o(.text._ZN11ApplicationC2Ev)
    Application::Application__sub_object()   0x08005ea9   Thumb Code    28  application.o(.text._ZN11ApplicationC2Ev)
    Application::~Application()              0x08005ec5   Thumb Code     2  application.o(.text._ZN11ApplicationD2Ev)
    Application::~Application__sub_object()  0x08005ec5   Thumb Code     2  application.o(.text._ZN11ApplicationD2Ev)
    SchoolSTM32F103VCT6::GetKey()            0x08005ec9   Thumb Code    96  school-stm32f103vct6.o(.text._ZN19SchoolSTM32F103VCT66GetKeyEv)
    SchoolSTM32F103VCT6::SchoolSTM32F103VCT6__sub_object() 0x08005f29   Thumb Code    98  school-stm32f103vct6.o(.text._ZN19SchoolSTM32F103VCT6C2Ev)
    SchoolSTM32F103VCT6::~SchoolSTM32F103VCT6__deallocating() 0x08005f8d   Thumb Code     6  school-stm32f103vct6.o(.text._ZN19SchoolSTM32F103VCT6D0Ev)
    Key::~Key__sub_object()                  0x08005f95   Thumb Code     2  board.o(.text._ZN3KeyD2Ev)
    Board::GetKey()                          0x08005f99   Thumb Code    60  board.o(.text._ZN5Board6GetKeyEv)
    Board::Board()                           0x08005fd5   Thumb Code    14  board.o(.text._ZN5BoardC2Ev)
    Board::Board__sub_object()               0x08005fd5   Thumb Code    14  board.o(.text._ZN5BoardC2Ev)
    Board::~Board__deallocating()            0x08005fe5   Thumb Code     6  board.o(.text._ZN5BoardD0Ev)
    Board::~Board__sub_object()              0x08005fed   Thumb Code     2  board.o(.text._ZN5BoardD2Ev)
    NoKey::ReadKey()                         0x08005ff1   Thumb Code     4  board.o(.text._ZN5NoKey7ReadKeyEv)
    NoKey::ReadKeyN()                        0x08005ff5   Thumb Code     4  board.o(.text._ZN5NoKey8ReadKeyNEv)
    NoKey::~NoKey__deallocating()            0x08005ff9   Thumb Code     6  board.o(.text._ZN5NoKeyD0Ev)
    KeyBoard::ReadKey()                      0x08006001   Thumb Code   228  key_board.o(.text._ZN8KeyBoard7ReadKeyEv)
    KeyBoard::ReadKeyN()                     0x080060e5   Thumb Code   298  key_board.o(.text._ZN8KeyBoard8ReadKeyNEv)
    KeyBoard::KeyBoard()                     0x08006211   Thumb Code   164  key_board.o(.text._ZN8KeyBoardC2Ev)
    KeyBoard::KeyBoard__sub_object()         0x08006211   Thumb Code   164  key_board.o(.text._ZN8KeyBoardC2Ev)
    KeyBoard::~KeyBoard__deallocating()      0x080062b5   Thumb Code     6  key_board.o(.text._ZN8KeyBoardD0Ev)
    KeyBoard::~KeyBoard()                    0x080062bd   Thumb Code     2  key_board.o(.text._ZN8KeyBoardD2Ev)
    KeyBoard::~KeyBoard__sub_object()        0x080062bd   Thumb Code     2  key_board.o(.text._ZN8KeyBoardD2Ev)
    operator delete(void*)                   0x080062c1   Thumb Code     4  util.o(.text._ZdlPv)
    operator delete(void*, unsigned int)     0x080062c5   Thumb Code     4  new.cpp.o(.text._ZdlPvj)
    operator new(unsigned int)               0x080062c9   Thumb Code     4  util.o(.text._Znwj)
    _atexit_init                             0x080062cd   Thumb Code     2  main.o(.text._atexit_init)
    _atexit_mutex                            0x080062d1   Thumb Code     2  main.o(.text._atexit_mutex)
    fputc                                    0x080062d5   Thumb Code    36  bsp_usart.o(.text.fputc)
    main                                     0x080062f9   Thumb Code   102  main.o(.text.main)
    __cxa_guard_acquire                      0x0800635f   Thumb Code    44  cxa_guard.cpp.o(.text.unlikely.__cxa_guard_acquire)
    __cxa_guard_release                      0x0800638b   Thumb Code     8  cxa_guard.cpp.o(.text.unlikely.__cxa_guard_release)
    abort_message                            0x08006393   Thumb Code     4  abort_message.cpp.o(.text.unlikely.abort_message)
    vApplicationStackOverflowHook            0x08006399   Thumb Code    12  util.o(.text.vApplicationStackOverflowHook)
    vTaskSwitchContext                       0x080063c5   Thumb Code   206  tasks.o(.text.vTaskSwitchContext)
    __0printf                                0x08006495   Thumb Code    22  printfa.o(i.__0printf)
    __1printf                                0x08006495   Thumb Code     0  printfa.o(i.__0printf)
    __2printf                                0x08006495   Thumb Code     0  printfa.o(i.__0printf)
    __c89printf                              0x08006495   Thumb Code     0  printfa.o(i.__0printf)
    printf                                   0x08006495   Thumb Code     0  printfa.o(i.__0printf)
    __aligned_malloc                         0x080064b5   Thumb Code   142  malloca.o(i.__aligned_malloc)
    free                                     0x08006555   Thumb Code    76  malloca.o(i.__free$memalign)
    malloc                                   0x080065a5   Thumb Code     6  malloca.o(i.__malloc$memalign)
    __scatterload_copy                       0x080065ab   Thumb Code    14  handlers.o(i.__scatterload_copy)
    __scatterload_null                       0x080065b9   Thumb Code     2  handlers.o(i.__scatterload_null)
    __scatterload_zeroinit                   0x080065bb   Thumb Code    14  handlers.o(i.__scatterload_zeroinit)
    __set_errno                              0x080065c9   Thumb Code     6  errno.o(i.__set_errno)
    puts                                     0x08006e89   Thumb Code    30  puts.o(i.puts)
    sqrt                                     0x08006ead   Thumb Code    76  sqrt.o(i.sqrt)
    F8X16                                    0x08006f24   Data        1520  oledfont.o(.rodata.F8X16)
    Application::mainMenuItems               0x080075dc   Data          32  application.o(.rodata._ZN11Application13mainMenuItemsE)
    vtable for SchoolSTM32F103VCT6           0x080075fc   Data          20  school-stm32f103vct6.o(.rodata._ZTV19SchoolSTM32F103VCT6)
    vtable for Board                         0x08007610   Data          20  board.o(.rodata._ZTV5Board)
    vtable for NoKey                         0x08007624   Data          24  board.o(.rodata._ZTV5NoKey)
    vtable for KeyBoard                      0x0800763c   Data          24  key_board.o(.rodata._ZTV8KeyBoard)
    asc2_1206                                0x08007654   Data        1140  lcdfont.o(.rodata.asc2_1206)
    asc2_1608                                0x08007ac8   Data        1520  lcdfont.o(.rodata.asc2_1608)
    chinese_12                               0x080080b8   Data        1540  oledfont.o(.rodata.chinese_12)
    chinese_12_len                           0x080086bc   Data           1  oledfont.o(.rodata.chinese_12_len)
    tfont16                                  0x080088ab   Data        3600  lcdfont.o(.rodata.tfont16)
    tfont24                                  0x080096bb   Data        7600  lcdfont.o(.rodata.tfont24)
    tfont32                                  0x0800b46b   Data       13200  lcdfont.o(.rodata.tfont32)
    Region$$Table$$Base                      0x0800e7fc   Number         0  anon$$obj.o(Region$$Table)
    Region$$Table$$Limit                     0x0800e81c   Number         0  anon$$obj.o(Region$$Table)
    __stdout                                 0x20000000   Data           4  stdout.o(.data)
    __microlib_freelist                      0x20000004   Data           4  mvars.o(.data)
    __microlib_freelist_initialised          0x20000008   Data           4  mvars.o(.data)
    __cxa_finalize_instance                  0x20000014   Data           4  cxa_finalize.o(.data)
    BACK_COLOR                               0x20000018   Data           2  bsp_lcd.o(.data.BACK_COLOR)
    CMD_RDX                                  0x2000001a   Data           1  touch.o(.data.CMD_RDX)
    CMD_RDY                                  0x2000001b   Data           1  touch.o(.data.CMD_RDY)
    Disp_data                                0x2000001c   Data           8  bsp_segdz.o(.data.Disp_data)
    POINT_COLOR                              0x20000024   Data           2  bsp_lcd.o(.data.POINT_COLOR)
    SystemCoreClock                          0x20000028   Data           4  system_stm32f10x.o(.data.SystemCoreClock)
    seg7Code                                 0x20000034   Data          16  bsp_segdz.o(.data.seg7Code)
    tp_dev                                   0x20000044   Data          40  touch.o(.data.tp_dev)
    MsCount                                  0x20000070   Data           4  util.o(.bss.MsCount)
    guard variable for Application::GetInstance()::instance 0x20000074   Data           4  main.o(.bss._ZGVZN11Application11GetInstanceEvE8instance)
    guard variable for SchoolSTM32F103VCT6::GetKey()::key 0x20000078   Data           4  school-stm32f103vct6.o(.bss._ZGVZN19SchoolSTM32F103VCT66GetKeyEvE3key)
    guard variable for Board::GetInstance()::instance 0x2000007c   Data           4  application.o(.bss._ZGVZN5Board11GetInstanceEvE8instance)
    KeyBoard::key_state                      0x20000084   Data           1  key_board.o(.bss._ZN8KeyBoard9key_stateE)
    Application::GetInstance()::instance     0x20000094   Data          28  main.o(.bss._ZZN11Application11GetInstanceEvE8instance)
    SchoolSTM32F103VCT6::GetKey()::key       0x200000b0   Data           4  school-stm32f103vct6.o(.bss._ZZN19SchoolSTM32F103VCT66GetKeyEvE3key)
    Board::GetInstance()::instance           0x200000b4   Data           4  application.o(.bss._ZZN5Board11GetInstanceEvE8instance)
    bsp_RunPer10ms                           0x200000b8   Data           1  util.o(.bss.bsp_RunPer10ms)
    bsp_RunPer1ms                            0x200000b9   Data           1  util.o(.bss.bsp_RunPer1ms)
    bsp_RunPer1s                             0x200000ba   Data           1  util.o(.bss.bsp_RunPer1s)
    lcddev                                   0x200000bc   Data          14  bsp_lcd.o(.bss.lcddev)
    pxCurrentTCB                             0x200000cc   Data           4  tasks.o(.bss.pxCurrentTCB)
    timensflag                               0x20000134   Data           1  bsp_tlink.o(.bss.timensflag)
    __heap_base                              0x20000148   Data           0  startup_stm32f10x_hd.o(HEAP)
    __heap_limit                             0x20002948   Data           0  startup_stm32f10x_hd.o(HEAP)
    __initial_sp                             0x20003948   Data           0  startup_stm32f10x_hd.o(STACK)



==============================================================================

Memory Map of the image

  Image Entry point : 0x08000131

  Load Region LR_IROM1 (Base: 0x08000000, Size: 0x0000e890, Max: 0x00040000, ABSOLUTE)

    Execution Region ER_IROM1 (Exec base: 0x08000000, Load base: 0x08000000, Size: 0x0000e81c, Max: 0x00040000, ABSOLUTE)

    Exec Addr    Load Addr    Size         Type   Attr      Idx    E Section Name        Object

    0x08000000   0x08000000   0x00000130   Data   RO            3    RESET               startup_stm32f10x_hd.o
    0x08000130   0x08000130   0x00000000   Code   RO         1821  * .ARM.Collect$$$$00000000  mc_w.l(entry.o)
    0x08000130   0x08000130   0x00000004   Code   RO         2186    .ARM.Collect$$$$00000001  mc_w.l(entry2.o)
    0x08000134   0x08000134   0x00000004   Code   RO         2189    .ARM.Collect$$$$00000004  mc_w.l(entry5.o)
    0x08000138   0x08000138   0x00000000   Code   RO         2191    .ARM.Collect$$$$00000008  mc_w.l(entry7b.o)
    0x08000138   0x08000138   0x00000000   Code   RO         2193    .ARM.Collect$$$$0000000A  mc_w.l(entry8b.o)
    0x08000138   0x08000138   0x00000008   Code   RO         2194    .ARM.Collect$$$$0000000B  mc_w.l(entry9a.o)
    0x08000140   0x08000140   0x00000000   Code   RO         2196    .ARM.Collect$$$$0000000D  mc_w.l(entry10a.o)
    0x08000140   0x08000140   0x00000004   Code   RO         2197    .ARM.Collect$$$$0000000E  mc_w.l(entry10b.o)
    0x08000144   0x08000144   0x00000000   Code   RO         2198    .ARM.Collect$$$$0000000F  mc_w.l(entry11a.o)
    0x08000144   0x08000144   0x00000004   Code   RO         2187    .ARM.Collect$$$$00002712  mc_w.l(entry2.o)
    0x08000148   0x08000148   0x00000024   Code   RO            4    .text               startup_stm32f10x_hd.o
    0x0800016c   0x0800016c   0x0000000a   Code   RO         2129    .text               mc_w.l(cxa_atexit.o)
    0x08000176   0x08000176   0x000000b0   Code   RO         2131    .text               mf_w.l(fadd.o)
    0x08000226   0x08000226   0x00000064   Code   RO         2133    .text               mf_w.l(fmul.o)
    0x0800028a   0x0800028a   0x0000007c   Code   RO         2135    .text               mf_w.l(fdiv.o)
    0x08000306   0x08000306   0x000000e4   Code   RO         2137    .text               mf_w.l(dmul.o)
    0x080003ea   0x080003ea   0x0000001c   Code   RO         2139    .text               mf_w.l(fcmple.o)
    0x08000406   0x08000406   0x0000001c   Code   RO         2141    .text               mf_w.l(fcmpgt.o)
    0x08000422   0x08000422   0x00000036   Code   RO         2143    .text               mf_w.l(dcmple.o)
    0x08000458   0x08000458   0x00000036   Code   RO         2145    .text               mf_w.l(dcmplt.o)
    0x0800048e   0x0800048e   0x00000012   Code   RO         2147    .text               mf_w.l(fflti.o)
    0x080004a0   0x080004a0   0x0000000a   Code   RO         2149    .text               mf_w.l(ffltui.o)
    0x080004aa   0x080004aa   0x0000001a   Code   RO         2151    .text               mf_w.l(dfltui.o)
    0x080004c4   0x080004c4   0x00000032   Code   RO         2153    .text               mf_w.l(ffixi.o)
    0x080004f6   0x080004f6   0x0000003e   Code   RO         2155    .text               mf_w.l(dfixi.o)
    0x08000534   0x08000534   0x00000026   Code   RO         2157    .text               mf_w.l(f2d.o)
    0x0800055a   0x0800055a   0x0000002c   Code   RO         2210    .text               mc_w.l(uidiv.o)
    0x08000586   0x08000586   0x00000062   Code   RO         2212    .text               mc_w.l(uldiv.o)
    0x080005e8   0x080005e8   0x00000020   Code   RO         2214    .text               mc_w.l(llushr.o)
    0x08000608   0x08000608   0x00000000   Code   RO         2227    .text               mc_w.l(iusefp.o)
    0x08000608   0x08000608   0x00000048   Code   RO         2228    .text               mc_w.l(aeabi_atexit.o)
    0x08000650   0x08000650   0x0000006e   Code   RO         2230    .text               mf_w.l(fepilogue.o)
    0x080006be   0x080006be   0x000000ba   Code   RO         2232    .text               mf_w.l(depilogue.o)
    0x08000778   0x08000778   0x0000014e   Code   RO         2234    .text               mf_w.l(dadd.o)
    0x080008c6   0x080008c6   0x000000de   Code   RO         2236    .text               mf_w.l(ddiv.o)
    0x080009a4   0x080009a4   0x000000a2   Code   RO         2238    .text               mf_w.l(dsqrt.o)
    0x08000a46   0x08000a46   0x00000030   Code   RO         2240    .text               mf_w.l(dfixul.o)
    0x08000a76   0x08000a76   0x00000002   PAD
    0x08000a78   0x08000a78   0x00000030   Code   RO         2242    .text               mf_w.l(cdrcmple.o)
    0x08000aa8   0x08000aa8   0x00000030   Code   RO         2259    .text               mc_w.l(init.o)
    0x08000ad8   0x08000ad8   0x0000001e   Code   RO         2261    .text               mc_w.l(llshl.o)
    0x08000af6   0x08000af6   0x00000024   Code   RO         2263    .text               mc_w.l(llsshr.o)
    0x08000b1a   0x08000b1a   0x00000002   PAD
    0x08000b1c   0x08000b1c   0x00000008   Code   RO         2267    .text               mc_w.l(cpp_dtor.o)
    0x08000b24   0x08000b24   0x00000064   Code   RO         2270    .text               mc_w.l(cxa_finalize.o)
    0x08000b88   0x08000b88   0x00000002   Code   RO         2274    .text               mc_w.l(cpp_final.o)
    0x08000b8a   0x08000b8a   0x00000002   PAD
    0x08000b8c   0x08000b8c   0x00000002   Code   RO         1119    .text.BusFault_Handler  stm32f10x_it.o
    0x08000b8e   0x08000b8e   0x00000002   PAD
    0x08000b90   0x08000b90   0x00000002   Code   RO         1125    .text.DebugMon_Handler  stm32f10x_it.o
    0x08000b92   0x08000b92   0x00000002   PAD
    0x08000b94   0x08000b94   0x000000bc   Code   RO           29    .text.GPIO_Init     stm32f10x_gpio.o
    0x08000c50   0x08000c50   0x00000080   Code   RO           55    .text.GPIO_PinRemapConfig  stm32f10x_gpio.o
    0x08000cd0   0x08000cd0   0x0000000a   Code   RO           33    .text.GPIO_ReadInputDataBit  stm32f10x_gpio.o
    0x08000cda   0x08000cda   0x00000002   PAD
    0x08000cdc   0x08000cdc   0x00000004   Code   RO           43    .text.GPIO_ResetBits  stm32f10x_gpio.o
    0x08000ce0   0x08000ce0   0x00000004   Code   RO           41    .text.GPIO_SetBits  stm32f10x_gpio.o
    0x08000ce4   0x08000ce4   0x0000000c   Code   RO           45    .text.GPIO_WriteBit  stm32f10x_gpio.o
    0x08000cf0   0x08000cf0   0x00000002   Code   RO         1115    .text.HardFault_Handler  stm32f10x_it.o
    0x08000cf2   0x08000cf2   0x00000002   PAD
    0x08000cf4   0x08000cf4   0x00000002   Code   RO         1117    .text.MemManage_Handler  stm32f10x_it.o
    0x08000cf6   0x08000cf6   0x00000002   PAD
    0x08000cf8   0x08000cf8   0x00000002   Code   RO         1113    .text.NMI_Handler   stm32f10x_it.o
    0x08000cfa   0x08000cfa   0x00000002   PAD
    0x08000cfc   0x08000cfc   0x0000005e   Code   RO          146    .text.NVIC_Init     misc.o
    0x08000d5a   0x08000d5a   0x00000002   PAD
    0x08000d5c   0x08000d5c   0x00000014   Code   RO          144    .text.NVIC_PriorityGroupConfig  misc.o
    0x08000d70   0x08000d70   0x00000002   Code   RO         1127    .text.PendSV_Handler  stm32f10x_it.o
    0x08000d72   0x08000d72   0x00000002   PAD
    0x08000d74   0x08000d74   0x00000018   Code   RO          116    .text.RCC_APB1PeriphClockCmd  stm32f10x_rcc.o
    0x08000d8c   0x08000d8c   0x00000018   Code   RO          114    .text.RCC_APB2PeriphClockCmd  stm32f10x_rcc.o
    0x08000da4   0x08000da4   0x0000008c   Code   RO          110    .text.RCC_GetClocksFreq  stm32f10x_rcc.o
    0x08000e30   0x08000e30   0x00000014   Code   RO          326    .text.SPI_Cmd       stm32f10x_spi.o
    0x08000e44   0x08000e44   0x0000000a   Code   RO          354    .text.SPI_I2S_GetFlagStatus  stm32f10x_spi.o
    0x08000e4e   0x08000e4e   0x00000002   PAD
    0x08000e50   0x08000e50   0x00000004   Code   RO          336    .text.SPI_I2S_ReceiveData  stm32f10x_spi.o
    0x08000e54   0x08000e54   0x00000004   Code   RO          334    .text.SPI_I2S_SendData  stm32f10x_spi.o
    0x08000e58   0x08000e58   0x00000046   Code   RO          318    .text.SPI_Init      stm32f10x_spi.o
    0x08000e9e   0x08000e9e   0x00000002   PAD
    0x08000ea0   0x08000ea0   0x00000002   Code   RO         1123    .text.SVC_Handler   stm32f10x_it.o
    0x08000ea2   0x08000ea2   0x00000002   PAD
    0x08000ea4   0x08000ea4   0x0000008c   Code   RO         1129    .text.SysTick_Handler  stm32f10x_it.o
    0x08000f30   0x08000f30   0x0000010c   Code   RO           11    .text.SystemInit    system_stm32f10x.o
    0x0800103c   0x0800103c   0x00000014   Code   RO          524    .text.TIM_ARRPreloadConfig  stm32f10x_tim.o
    0x08001050   0x08001050   0x00000020   Code   RO          570    .text.TIM_CCxCmd    stm32f10x_tim.o
    0x08001070   0x08001070   0x00000012   Code   RO          484    .text.TIM_Cmd       stm32f10x_tim.o
    0x08001082   0x08001082   0x00000002   PAD
    0x08001084   0x08001084   0x00000018   Code   RO          486    .text.TIM_CtrlPWMOutputs  stm32f10x_tim.o
    0x0800109c   0x0800109c   0x00000070   Code   RO          454    .text.TIM_OC1Init   stm32f10x_tim.o
    0x0800110c   0x0800110c   0x0000000c   Code   RO          532    .text.TIM_OC1PreloadConfig  stm32f10x_tim.o
    0x08001118   0x08001118   0x00000074   Code   RO          456    .text.TIM_OC2Init   stm32f10x_tim.o
    0x0800118c   0x0800118c   0x0000000e   Code   RO          534    .text.TIM_OC2PreloadConfig  stm32f10x_tim.o
    0x0800119a   0x0800119a   0x00000002   PAD
    0x0800119c   0x0800119c   0x00000074   Code   RO          458    .text.TIM_OC3Init   stm32f10x_tim.o
    0x08001210   0x08001210   0x0000000c   Code   RO          536    .text.TIM_OC3PreloadConfig  stm32f10x_tim.o
    0x0800121c   0x0800121c   0x0000005c   Code   RO          460    .text.TIM_OC4Init   stm32f10x_tim.o
    0x08001278   0x08001278   0x0000000e   Code   RO          538    .text.TIM_OC4PreloadConfig  stm32f10x_tim.o
    0x08001286   0x08001286   0x00000002   PAD
    0x08001288   0x08001288   0x00000004   Code   RO          594    .text.TIM_SetCompare1  stm32f10x_tim.o
    0x0800128c   0x0800128c   0x00000004   Code   RO          596    .text.TIM_SetCompare2  stm32f10x_tim.o
    0x08001290   0x08001290   0x00000004   Code   RO          598    .text.TIM_SetCompare3  stm32f10x_tim.o
    0x08001294   0x08001294   0x000000aa   Code   RO          452    .text.TIM_TimeBaseInit  stm32f10x_tim.o
    0x0800133e   0x0800133e   0x00000002   PAD
    0x08001340   0x08001340   0x00000014   Code   RO          260    .text.USART_Cmd     stm32f10x_usart.o
    0x08001354   0x08001354   0x0000000a   Code   RO          300    .text.USART_GetFlagStatus  stm32f10x_usart.o
    0x0800135e   0x0800135e   0x00000002   PAD
    0x08001360   0x08001360   0x0000002e   Code   RO          262    .text.USART_ITConfig  stm32f10x_usart.o
    0x0800138e   0x0800138e   0x00000002   PAD
    0x08001390   0x08001390   0x000000b6   Code   RO          252    .text.USART_Init    stm32f10x_usart.o
    0x08001446   0x08001446   0x00000002   PAD
    0x08001448   0x08001448   0x00000008   Code   RO          276    .text.USART_SendData  stm32f10x_usart.o
    0x08001450   0x08001450   0x00000002   Code   RO         1121    .text.UsageFault_Handler  stm32f10x_it.o
    0x08001452   0x08001452   0x00000002   PAD
    0x08001454   0x08001454   0x000000ec   Code   RO         1226    .text._Z10ESP_Configv  bsp_espxx.o
    0x08001540   0x08001540   0x00000016   Code   RO         1546    .text._Z10ee_CheckOkv  bsp_i2c_ee.o
    0x08001556   0x08001556   0x00000002   PAD
    0x08001558   0x08001558   0x000000d2   Code   RO         1460    .text._Z10gui_circleiitii  bsp_gui.o
    0x0800162a   0x0800162a   0x00000002   PAD
    0x0800162c   0x0800162c   0x000000fc   Code   RO         1410    .text._Z10oled_Clearv  bsp_oled.o
    0x08001728   0x08001728   0x0000009e   Code   RO         1213    .text._Z11JQ8900setupv  bsp_jq8900.o
    0x080017c6   0x080017c6   0x00000002   PAD
    0x080017c8   0x080017c8   0x000000d8   Code   RO         1472    .text._Z11LCD_ShowNumttjhh  bsp_gui.o
    0x080018a0   0x080018a0   0x0000002c   Code   RO         1635    .text._Z11SetRGBColorj  bsp_led.o
    0x080018cc   0x080018cc   0x000000a8   Code   RO         1510    .text._Z11TP_Read_XOYh  touch.o
    0x08001974   0x08001974   0x0000012c   Code   RO         1514    .text._Z11TP_Read_XY2PtS_  touch.o
    0x08001aa0   0x08001aa0   0x0000003e   Code   RO         1573    .text._Z11i2c_WaitAckv  bsp_i2c_gpio.o
    0x08001ade   0x08001ade   0x00000002   PAD
    0x08001ae0   0x08001ae0   0x000000ba   Code   RO         1404    .text._Z11oled_SetPoshh  bsp_oled.o
    0x08001b9a   0x08001b9a   0x00000002   PAD
    0x08001b9c   0x08001b9c   0x0000009a   Code   RO         1452    .text._Z12LCD_DrawLinetttt  bsp_gui.o
    0x08001c36   0x08001c36   0x00000002   PAD
    0x08001c38   0x08001c38   0x00000176   Code   RO         1466    .text._Z12LCD_ShowChartttthhh  bsp_gui.o
    0x08001dae   0x08001dae   0x00000002   PAD
    0x08001db0   0x08001db0   0x0000003e   Code   RO         1162    .text._Z12SysTick_Initv  bsp_systick.o
    0x08001dee   0x08001dee   0x00000002   PAD
    0x08001df0   0x08001df0   0x000000a4   Code   RO         1181    .text._Z12USART_Configv  bsp_usart.o
    0x08001e94   0x08001e94   0x00000024   Code   RO         1647    .text._Z12bsp_SPI_Initt  bsp_spi_bus.o
    0x08001eb8   0x08001eb8   0x00000082   Code   RO         1655    .text._Z12bsp_spiRead1v  bsp_spi_bus.o
    0x08001f3a   0x08001f3a   0x00000002   PAD
    0x08001f3c   0x08001f3c   0x00000010   Code   RO         1749    .text._Z12create_boardv  school-stm32f103vct6.o
    0x08001f4c   0x08001f4c   0x00000060   Code   RO         1548    .text._Z12ee_ReadBytesPhtt  bsp_i2c_ee.o
    0x08001fac   0x08001fac   0x00000044   Code   RO         1571    .text._Z12i2c_ReadBytev  bsp_i2c_gpio.o
    0x08001ff0   0x08001ff0   0x0000005e   Code   RO         1569    .text._Z12i2c_SendByteh  bsp_i2c_gpio.o
    0x0800204e   0x0800204e   0x00000002   PAD
    0x08002050   0x08002050   0x0000009a   Code   RO         1416    .text._Z12oled_ShowNumhhjhh  bsp_oled.o
    0x080020ea   0x080020ea   0x00000002   PAD
    0x080020ec   0x080020ec   0x00000060   Code   RO         1341    .text._Z13LCD_DrawPointtt  bsp_lcd.o
    0x0800214c   0x0800214c   0x00000008   Code   RO         1343    .text._Z13LCD_SetCursortt  bsp_lcd.o
    0x08002154   0x08002154   0x00000086   Code   RO         1649    .text._Z13bsp_spiWrite0h  bsp_spi_bus.o
    0x080021da   0x080021da   0x00000002   PAD
    0x080021dc   0x080021dc   0x0000007c   Code   RO         1550    .text._Z13ee_WriteBytesPhtt  bsp_i2c_ee.o
    0x08002258   0x08002258   0x000000ce   Code   RO         1412    .text._Z13oled_ShowCharhhh  bsp_oled.o
    0x08002326   0x08002326   0x00000002   PAD
    0x08002328   0x08002328   0x00000102   Code   RO         1474    .text._Z14GUI_DrawFont16ttttPhh  bsp_gui.o
    0x0800242a   0x0800242a   0x00000002   PAD
    0x0800242c   0x0800242c   0x00000112   Code   RO         1476    .text._Z14GUI_DrawFont24ttttPhh  bsp_gui.o
    0x0800253e   0x0800253e   0x00000002   PAD
    0x08002540   0x08002540   0x0000010e   Code   RO         1478    .text._Z14GUI_DrawFont32ttttPhh  bsp_gui.o
    0x0800264e   0x0800264e   0x00000002   PAD
    0x08002650   0x08002650   0x00000200   Code   RO         1347    .text._Z14LCD_SetWindowstttt  bsp_lcd.o
    0x08002850   0x08002850   0x00000088   Code   RO         1468    .text._Z14LCD_ShowStringtthPhh  bsp_gui.o
    0x080028d8   0x080028d8   0x00000120   Code   RO         1526    .text._Z14TP_Get_Adjdatav  touch.o
    0x080029f8   0x080029f8   0x00000016   Code   RO         1183    .text._Z14Usart_SendByteP13USART_TypeDefh  bsp_usart.o
    0x08002a0e   0x08002a0e   0x00000002   PAD
    0x08002a10   0x08002a10   0x000000b2   Code   RO         1458    .text._Z14_draw_circle_8iiiit  bsp_gui.o
    0x08002ac2   0x08002ac2   0x00000002   PAD
    0x08002ac4   0x08002ac4   0x000000aa   Code   RO         1645    .text._Z14bsp_InitSPIBusv  bsp_spi_bus.o
    0x08002b6e   0x08002b6e   0x00000002   PAD
    0x08002b70   0x08002b70   0x00000062   Code   RO         1631    .text._Z15LED_GPIO_Configv  bsp_led.o
    0x08002bd2   0x08002bd2   0x00000002   PAD
    0x08002bd4   0x08002bd4   0x00000108   Code   RO         1522    .text._Z15TP_Save_Adjdatav  touch.o
    0x08002cdc   0x08002cdc   0x00000116   Code   RO         1581    .text._Z15i2c_CheckDeviceh  bsp_i2c_gpio.o
    0x08002df2   0x08002df2   0x00000002   PAD
    0x08002df4   0x08002df4   0x0000017a   Code   RO         1428    .text._Z15oled_ShowStringhhPh  bsp_oled.o
    0x08002f6e   0x08002f6e   0x00000002   PAD
    0x08002f70   0x08002f70   0x0000004e   Code   RO         1387    .text._Z15seg_dz_GPIOInitv  bsp_segdz.o
    0x08002fbe   0x08002fbe   0x00000002   PAD
    0x08002fc0   0x08002fc0   0x000000e4   Code   RO         1257    .text._Z16ADVANCE_TIM_Initv  bsp_advancetim.o
    0x080030a4   0x080030a4   0x00000134   Code   RO         1266    .text._Z16GENERAL_TIM_Initv  bsp_generaltim.o
    0x080031d8   0x080031d8   0x00000062   Code   RO         1170    .text._Z16SysTick_Delay_Msj  bsp_systick.o
    0x0800323a   0x0800323a   0x00000002   PAD
    0x0800323c   0x0800323c   0x00000180   Code   RO         1530    .text._Z16TP_Adj_Info_Showttttttttt  touch.o
    0x080033bc   0x080033bc   0x00000086   Code   RO         1268    .text._Z18DCMotor_Dir_Configh  bsp_generaltim.o
    0x08003442   0x08003442   0x00000002   PAD
    0x08003444   0x08003444   0x00000050   Code   RO         1339    .text._Z19LCD_WriteData_16Bitt  bsp_lcd.o
    0x08003494   0x08003494   0x00000036   Code   RO         1418    .text._Z20oled_ShowAsciiStringhhPh  bsp_oled.o
    0x080034ca   0x080034ca   0x00000002   PAD
    0x080034cc   0x080034cc   0x00000030   Code   RO         1690    .text._Z7DelayMsj   util.o
    0x080034fc   0x080034fc   0x00000026   Code   RO         1688    .text._Z7DelayUsj   util.o
    0x08003522   0x08003522   0x00000002   PAD
    0x08003524   0x08003524   0x000000f8   Code   RO         1494    .text._Z7TP_Initv   touch.o
    0x0800361c   0x0800361c   0x000000ba   Code   RO         1496    .text._Z7TP_Scanh   touch.o
    0x080036d6   0x080036d6   0x00000002   PAD
    0x080036d8   0x080036d8   0x0000004c   Code   RO         1532    .text._Z7TP_testv   touch.o
    0x08003724   0x08003724   0x00000090   Code   RO         1383    .text._Z7dzFlashv   bsp_segdz.o
    0x080037b4   0x080037b4   0x00000036   Code   RO         1575    .text._Z7i2c_Ackv   bsp_i2c_gpio.o
    0x080037ea   0x080037ea   0x00000002   PAD
    0x080037ec   0x080037ec   0x00000b4a   Code   RO         1351    .text._Z8LCD_Initv  bsp_lcd.o
    0x08004336   0x08004336   0x00000002   PAD
    0x08004338   0x08004338   0x000000ec   Code   RO         1480    .text._Z8Show_StrttttPhhh  bsp_gui.o
    0x08004424   0x08004424   0x0000002c   Code   RO         1577    .text._Z8i2c_NAckv  bsp_i2c_gpio.o
    0x08004450   0x08004450   0x0000002c   Code   RO         1567    .text._Z8i2c_Stopv  bsp_i2c_gpio.o
    0x0800447c   0x0800447c   0x0000007c   Code   RO         1385    .text._Z8segFlashv  bsp_segdz.o
    0x080044f8   0x080044f8   0x0000002a   Code   RO         1244    .text._Z9ADCx_Initv  bsp_adc.o
    0x08004522   0x08004522   0x00000002   PAD
    0x08004524   0x08004524   0x000000aa   Code   RO         1345    .text._Z9LCD_Cleart  bsp_lcd.o
    0x080045ce   0x080045ce   0x00000002   PAD
    0x080045d0   0x080045d0   0x00000c68   Code   RO         1498    .text._Z9TP_Adjustv  touch.o
    0x08005238   0x08005238   0x00000036   Code   RO         1565    .text._Z9i2c_Startv  bsp_i2c_gpio.o
    0x0800526e   0x0800526e   0x00000002   PAD
    0x08005270   0x08005270   0x0000062a   Code   RO         1426    .text._Z9oled_Initv  bsp_oled.o
    0x0800589a   0x0800589a   0x00000002   PAD
    0x0800589c   0x0800589c   0x00000020   Code   RO         1308    .text._ZN11Application10About_InitEv  application.o
    0x080058bc   0x080058bc   0x00000020   Code   RO         1302    .text._ZN11Application10Timer_InitEv  application.o
    0x080058dc   0x080058dc   0x000000d6   Code   RO         1290    .text._ZN11Application11Menu_UpdateEv  application.o
    0x080059b2   0x080059b2   0x00000002   PAD
    0x080059b4   0x080059b4   0x0000008c   Code   RO         1292    .text._ZN11Application12Menu_DisplayEv  application.o
    0x08005a40   0x08005a40   0x0000008e   Code   RO         1294    .text._ZN11Application12Timer_UpdateEv  application.o
    0x08005ace   0x08005ace   0x00000002   PAD
    0x08005ad0   0x08005ad0   0x000000d0   Code   RO         1286    .text._ZN11Application13MainEventLoopEv  application.o
    0x08005ba0   0x08005ba0   0x000000e2   Code   RO         1288    .text._ZN11Application14Menu_HandleKeyEh  application.o
    0x08005c82   0x08005c82   0x00000002   PAD
    0x08005c84   0x08005c84   0x0000001e   Code   RO         1306    .text._ZN11Application15FanControl_InitEv  application.o
    0x08005ca2   0x08005ca2   0x00000002   PAD
    0x08005ca4   0x08005ca4   0x0000001e   Code   RO         1304    .text._ZN11Application15LEDControl_InitEv  application.o
    0x08005cc2   0x08005cc2   0x00000002   PAD
    0x08005cc4   0x08005cc4   0x00000080   Code   RO         1296    .text._ZN11Application17LEDControl_UpdateEv  application.o
    0x08005d44   0x08005d44   0x00000096   Code   RO         1312    .text._ZN11Application20LEDControl_HandleKeyEh  application.o
    0x08005dda   0x08005dda   0x00000002   PAD
    0x08005ddc   0x08005ddc   0x000000cc   Code   RO         1282    .text._ZN11Application5StartEv  application.o
    0x08005ea8   0x08005ea8   0x0000001c   Code   RO         1278    .text._ZN11ApplicationC2Ev  application.o
    0x08005ec4   0x08005ec4   0x00000002   Code   RO         1280    .text._ZN11ApplicationD2Ev  application.o
    0x08005ec6   0x08005ec6   0x00000002   PAD
    0x08005ec8   0x08005ec8   0x00000060   Code   RO         1762    .text._ZN19SchoolSTM32F103VCT66GetKeyEv  school-stm32f103vct6.o
    0x08005f28   0x08005f28   0x00000062   Code   RO         1758    .text._ZN19SchoolSTM32F103VCT6C2Ev  school-stm32f103vct6.o
    0x08005f8a   0x08005f8a   0x00000002   PAD
    0x08005f8c   0x08005f8c   0x00000006   Code   RO         1760    .text._ZN19SchoolSTM32F103VCT6D0Ev  school-stm32f103vct6.o
    0x08005f92   0x08005f92   0x00000002   PAD
    0x08005f94   0x08005f94   0x00000002   Code   RO         1735    .text._ZN3KeyD2Ev   board.o
    0x08005f96   0x08005f96   0x00000002   PAD
    0x08005f98   0x08005f98   0x0000003c   Code   RO         1722    .text._ZN5Board6GetKeyEv  board.o
    0x08005fd4   0x08005fd4   0x0000000e   Code   RO         1720    .text._ZN5BoardC2Ev  board.o
    0x08005fe2   0x08005fe2   0x00000002   PAD
    0x08005fe4   0x08005fe4   0x00000006   Code   RO         1739    .text._ZN5BoardD0Ev  board.o
    0x08005fea   0x08005fea   0x00000002   PAD
    0x08005fec   0x08005fec   0x00000002   Code   RO         1737    .text._ZN5BoardD2Ev  board.o
    0x08005fee   0x08005fee   0x00000002   PAD
    0x08005ff0   0x08005ff0   0x00000004   Code   RO         1743    .text._ZN5NoKey7ReadKeyEv  board.o
    0x08005ff4   0x08005ff4   0x00000004   Code   RO         1745    .text._ZN5NoKey8ReadKeyNEv  board.o
    0x08005ff8   0x08005ff8   0x00000006   Code   RO         1741    .text._ZN5NoKeyD0Ev  board.o
    0x08005ffe   0x08005ffe   0x00000002   PAD
    0x08006000   0x08006000   0x000000e4   Code   RO         1615    .text._ZN8KeyBoard7ReadKeyEv  key_board.o
    0x080060e4   0x080060e4   0x0000012a   Code   RO         1617    .text._ZN8KeyBoard8ReadKeyNEv  key_board.o
    0x0800620e   0x0800620e   0x00000002   PAD
    0x08006210   0x08006210   0x000000a4   Code   RO         1603    .text._ZN8KeyBoardC2Ev  key_board.o
    0x080062b4   0x080062b4   0x00000006   Code   RO         1611    .text._ZN8KeyBoardD0Ev  key_board.o
    0x080062ba   0x080062ba   0x00000002   PAD
    0x080062bc   0x080062bc   0x00000002   Code   RO         1609    .text._ZN8KeyBoardD2Ev  key_board.o
    0x080062be   0x080062be   0x00000002   PAD
    0x080062c0   0x080062c0   0x00000004   Code   RO         1698    .text._ZdlPv        util.o
    0x080062c4   0x080062c4   0x00000004   Code   RO         1781    .text._ZdlPvj       libcpp_w.l(new.cpp.o)
    0x080062c8   0x080062c8   0x00000004   Code   RO         1696    .text._Znwj         util.o
    0x080062cc   0x080062cc   0x00000002   Code   RO         1097    .text._atexit_init  main.o
    0x080062ce   0x080062ce   0x00000002   PAD
    0x080062d0   0x080062d0   0x00000002   Code   RO         1099    .text._atexit_mutex  main.o
    0x080062d2   0x080062d2   0x00000002   PAD
    0x080062d4   0x080062d4   0x00000024   Code   RO         1189    .text.fputc         bsp_usart.o
    0x080062f8   0x080062f8   0x00000066   Code   RO         1101    .text.main          main.o
    0x0800635e   0x0800635e   0x0000002c   Code   RO         1809    .text.unlikely.__cxa_guard_acquire  libcppabi_w.l(cxa_guard.cpp.o)
    0x0800638a   0x0800638a   0x00000008   Code   RO         1811    .text.unlikely.__cxa_guard_release  libcppabi_w.l(cxa_guard.cpp.o)
    0x08006392   0x08006392   0x00000004   Code   RO         2167    .text.unlikely.abort_message  libcppabi_w.l(abort_message.cpp.o)
    0x08006396   0x08006396   0x00000002   PAD
    0x08006398   0x08006398   0x0000002c   Code   RO         1692    .text.vApplicationStackOverflowHook  util.o
    0x080063c4   0x080063c4   0x000000ce   Code   RO          841    .text.vTaskSwitchContext  tasks.o
    0x08006492   0x08006492   0x00000002   PAD
    0x08006494   0x08006494   0x00000020   Code   RO         2073    i.__0printf         mc_w.l(printfa.o)
    0x080064b4   0x080064b4   0x000000a0   Code   RO         2113    i.__aligned_malloc  mc_w.l(malloca.o)
    0x08006554   0x08006554   0x00000050   Code   RO         2114    i.__free$memalign   mc_w.l(malloca.o)
    0x080065a4   0x080065a4   0x00000006   Code   RO         2115    i.__malloc$memalign  mc_w.l(malloca.o)
    0x080065aa   0x080065aa   0x0000000e   Code   RO         2277    i.__scatterload_copy  mc_w.l(handlers.o)
    0x080065b8   0x080065b8   0x00000002   Code   RO         2278    i.__scatterload_null  mc_w.l(handlers.o)
    0x080065ba   0x080065ba   0x0000000e   Code   RO         2279    i.__scatterload_zeroinit  mc_w.l(handlers.o)
    0x080065c8   0x080065c8   0x0000000c   Code   RO         2222    i.__set_errno       mc_w.l(errno.o)
    0x080065d4   0x080065d4   0x00000184   Code   RO         2080    i._fp_digits        mc_w.l(printfa.o)
    0x08006758   0x08006758   0x000006dc   Code   RO         2081    i._printf_core      mc_w.l(printfa.o)
    0x08006e34   0x08006e34   0x00000024   Code   RO         2082    i._printf_post_padding  mc_w.l(printfa.o)
    0x08006e58   0x08006e58   0x0000002e   Code   RO         2083    i._printf_pre_padding  mc_w.l(printfa.o)
    0x08006e86   0x08006e86   0x00000002   PAD
    0x08006e88   0x08006e88   0x00000024   Code   RO         1824    i.puts              mc_w.l(puts.o)
    0x08006eac   0x08006eac   0x0000004c   Code   RO         1818    i.sqrt              m_ws.l(sqrt.o)
    0x08006ef8   0x08006ef8   0x00000018   Data   RO         1320    .rodata..L__const._ZN11Application12About_UpdateEv.aboutContent  application.o
    0x08006f10   0x08006f10   0x00000004   Data   RO          135    .rodata.ADCPrescTable  stm32f10x_rcc.o
    0x08006f14   0x08006f14   0x00000010   Data   RO          134    .rodata.APBAHBPrescTable  stm32f10x_rcc.o
    0x08006f24   0x08006f24   0x000005f0   Data   RO         1439    .rodata.F8X16       oledfont.o
    0x08007514   0x08007514   0x000000c0   Data   RO         1392    .rodata._ZL4zdhz    bsp_segdz.o
    0x080075d4   0x080075d4   0x00000006   Data   RO         1622    .rodata._ZL8ROW_PINS  key_board.o
    0x080075da   0x080075da   0x00000002   PAD
    0x080075dc   0x080075dc   0x00000020   Data   RO         1319    .rodata._ZN11Application13mainMenuItemsE  application.o
    0x080075fc   0x080075fc   0x00000014   Data   RO         1764    .rodata._ZTV19SchoolSTM32F103VCT6  school-stm32f103vct6.o
    0x08007610   0x08007610   0x00000014   Data   RO         1725    .rodata._ZTV5Board  board.o
    0x08007624   0x08007624   0x00000018   Data   RO         1747    .rodata._ZTV5NoKey  board.o
    0x0800763c   0x0800763c   0x00000018   Data   RO         1621    .rodata._ZTV8KeyBoard  key_board.o
    0x08007654   0x08007654   0x00000474   Data   RO         1367    .rodata.asc2_1206   lcdfont.o
    0x08007ac8   0x08007ac8   0x000005f0   Data   RO         1368    .rodata.asc2_1608   lcdfont.o
    0x080080b8   0x080080b8   0x00000604   Data   RO         1440    .rodata.chinese_12  oledfont.o
    0x080086bc   0x080086bc   0x00000001   Data   RO         1441    .rodata.chinese_12_len  oledfont.o
    0x080086bd   0x080086bd   0x000000bf   Data   RO         1318    .rodata.str1.1      application.o
    0x0800877c   0x0800877c   0x0000007c   Data   RO         1537    .rodata.str1.1      touch.o
    0x080087f8   0x080087f8   0x00000020   Data   RO         1659    .rodata.str1.1      bsp_spi_bus.o
    0x08008818   0x08008818   0x00000093   Data   RO         1815    .rodata.str1.1      libcppabi_w.l(cxa_guard.cpp.o)
    0x080088ab   0x080088ab   0x00000e10   Data   RO         1369    .rodata.tfont16     lcdfont.o
    0x080096bb   0x080096bb   0x00001db0   Data   RO         1370    .rodata.tfont24     lcdfont.o
    0x0800b46b   0x0800b46b   0x00003390   Data   RO         1371    .rodata.tfont32     lcdfont.o
    0x0800e7fb   0x0800e7fb   0x00000001   PAD
    0x0800e7fc   0x0800e7fc   0x00000020   Data   RO         2276    Region$$Table       anon$$obj.o


    Execution Region RW_IRAM1 (Exec base: 0x20000000, Load base: 0x0800e820, Size: 0x00003948, Max: 0x0000c000, ABSOLUTE)

    Exec Addr    Load Addr    Size         Type   Attr      Idx    E Section Name        Object

    0x20000000   0x0800e820   0x00000004   Data   RW         2200    .data               mc_w.l(stdout.o)
    0x20000004   0x0800e824   0x00000004   Data   RW         2218    .data               mc_w.l(mvars.o)
    0x20000008   0x0800e828   0x00000004   Data   RW         2219    .data               mc_w.l(mvars.o)
    0x2000000c   0x0800e82c   0x00000004   Data   RW         2223    .data               mc_w.l(errno.o)
    0x20000010   0x0800e830   0x00000004   Data   RW         2268    .data               mc_w.l(cpp_dtor.o)
    0x20000014   0x0800e834   0x00000004   Data   RW         2271    .data               mc_w.l(cxa_finalize.o)
    0x20000018   0x0800e838   0x00000002   Data   RW         1357    .data.BACK_COLOR    bsp_lcd.o
    0x2000001a   0x0800e83a   0x00000001   Data   RW         1535    .data.CMD_RDX       touch.o
    0x2000001b   0x0800e83b   0x00000001   Data   RW         1536    .data.CMD_RDY       touch.o
    0x2000001c   0x0800e83c   0x00000008   Data   RW         1390    .data.Disp_data     bsp_segdz.o
    0x20000024   0x0800e844   0x00000002   Data   RW         1356    .data.POINT_COLOR   bsp_lcd.o
    0x20000026   0x0800e846   0x00000002   PAD
    0x20000028   0x0800e848   0x00000004   Data   RW           15    .data.SystemCoreClock  system_stm32f10x.o
    0x2000002c   0x0800e84c   0x00000004   Data   RW         1658    .data._ZL10SPITimeout  bsp_spi_bus.o
    0x20000030   0x0800e850   0x00000004   Data   RW         1726    .data._ZZN5Board6GetKeyEvE3key  board.o
    0x20000034   0x0800e854   0x00000010   Data   RW         1389    .data.seg7Code      bsp_segdz.o
    0x20000044   0x0800e864   0x00000028   Data   RW         1534    .data.tp_dev        touch.o
    0x2000006c   0x0800e88c   0x00000004   PAD
    0x20000070        -       0x00000004   Zero   RW         1703    .bss.MsCount        util.o
    0x20000074        -       0x00000004   Zero   RW         1111    .bss._ZGVZN11Application11GetInstanceEvE8instance  main.o
    0x20000078        -       0x00000004   Zero   RW         1766    .bss._ZGVZN19SchoolSTM32F103VCT66GetKeyEvE3key  school-stm32f103vct6.o
    0x2000007c        -       0x00000004   Zero   RW         1329    .bss._ZGVZN5Board11GetInstanceEvE8instance  application.o
    0x20000080        -       0x00000004   Zero   RW         1727    .bss._ZGVZN5Board6GetKeyEvE3key  board.o
    0x20000084        -       0x00000001   Zero   RW         1619    .bss._ZN8KeyBoard9key_stateE  key_board.o
    0x20000085   0x0800e88c   0x00000001   PAD
    0x20000086        -       0x00000002   Zero   RW         1140    .bss._ZZ15SysTick_HandlerE7s_count  stm32f10x_it.o
    0x20000088        -       0x00000002   Zero   RW         1139    .bss._ZZ15SysTick_HandlerE8ms_count  stm32f10x_it.o
    0x2000008a        -       0x00000002   Zero   RW         1141    .bss._ZZ15SysTick_HandlerE8ns_count  stm32f10x_it.o
    0x2000008c        -       0x00000004   Zero   RW         1391    .bss._ZZ7dzFlashvE7dzIndex  bsp_segdz.o
    0x20000090        -       0x00000004   Zero   RW         1393    .bss._ZZ8segFlashvE8segIndex  bsp_segdz.o
    0x20000094        -       0x0000001c   Zero   RW         1110    .bss._ZZN11Application11GetInstanceEvE8instance  main.o
    0x200000b0        -       0x00000004   Zero   RW         1765    .bss._ZZN19SchoolSTM32F103VCT66GetKeyEvE3key  school-stm32f103vct6.o
    0x200000b4        -       0x00000004   Zero   RW         1328    .bss._ZZN5Board11GetInstanceEvE8instance  application.o
    0x200000b8        -       0x00000001   Zero   RW         1701    .bss.bsp_RunPer10ms  util.o
    0x200000b9        -       0x00000001   Zero   RW         1700    .bss.bsp_RunPer1ms  util.o
    0x200000ba        -       0x00000001   Zero   RW         1702    .bss.bsp_RunPer1s   util.o
    0x200000bb   0x0800e88c   0x00000001   PAD
    0x200000bc        -       0x0000000e   Zero   RW         1355    .bss.lcddev         bsp_lcd.o
    0x200000ca   0x0800e88c   0x00000002   PAD
    0x200000cc        -       0x00000004   Zero   RW          933    .bss.pxCurrentTCB   tasks.o
    0x200000d0        -       0x00000064   Zero   RW          945    .bss.pxReadyTasksLists  tasks.o
    0x20000134        -       0x00000001   Zero   RW         1674    .bss.timensflag     bsp_tlink.o
    0x20000135   0x0800e88c   0x00000003   PAD
    0x20000138        -       0x00000004   Zero   RW          939    .bss.uxSchedulerSuspended  tasks.o
    0x2000013c        -       0x00000004   Zero   RW          946    .bss.uxTopReadyPriority  tasks.o
    0x20000140        -       0x00000004   Zero   RW          947    .bss.xYieldPendings  tasks.o
    0x20000144   0x0800e88c   0x00000004   PAD
    0x20000148        -       0x00002800   Zero   RW            2    HEAP                startup_stm32f10x_hd.o
    0x20002948        -       0x00001000   Zero   RW            1    STACK               startup_stm32f10x_hd.o


==============================================================================

Image component sizes


      Code (inc. data)   RO Data    RW Data    ZI Data      Debug   Object Name

      1566        148        247          0          8      27266   application.o
        98          0         44          4          4      21453   board.o
        42          0          0          0          0       5035   bsp_adc.o
       228          0          0          0          0       3257   bsp_advancetim.o
       236          0          0          0          0      10838   bsp_espxx.o
       442          0          0          0          0       3620   bsp_generaltim.o
      2306          0          0          0          0      31744   bsp_gui.o
       242          0          0          0          0       7289   bsp_i2c_ee.o
       698          0          0          0          0       4338   bsp_i2c_gpio.o
       158          0          0          0          0      12343   bsp_jq8900.o
      3756          0          0          4         14      16124   bsp_lcd.o
       142          0          0          0          0       2820   bsp_led.o
      2808          0          0          0          0      17713   bsp_oled.o
       346          0        192         24          8      10805   bsp_segdz.o
       470          0         32          4          0      12168   bsp_spi_bus.o
       160          0          0          0          0       5397   bsp_systick.o
         0          0          0          0          1       8554   bsp_tlink.o
       222          0          0          0          0       9215   bsp_usart.o
       698          0         30          0          1       6375   key_board.o
         0          0      27060          0          0       1001   lcdfont.o
       106          0          0          0         32      18371   main.o
       114          0          0          0          0       3224   misc.o
         0          0       3061          0          0       1818   oledfont.o
       216          0         20          0          8      19382   school-stm32f103vct6.o
        36          8        304          0      14336        840   startup_stm32f10x_hd.o
       346          0          0          0          0       5890   stm32f10x_gpio.o
       156          0          0          0          6      13353   stm32f10x_it.o
       188          0         20          0          0       8297   stm32f10x_rcc.o
       108          0          0          0          0       7512   stm32f10x_spi.o
       764          0          0          0          0      29769   stm32f10x_tim.o
       266          0          0          0          0       8650   stm32f10x_usart.o
       268          0          0          4          0       2626   system_stm32f10x.o
       206          0          0          0        116      43358   tasks.o
      5090        176        124         42          0      33371   touch.o
       138         44          0          0          7      10211   util.o

    ----------------------------------------------------------------------
     22766        376      31169         84      14556     424027   Object Totals
         0          0         32          0          0          0   (incl. Generated)
       146          0          3          2         15          0   (incl. Padding)

    ----------------------------------------------------------------------

      Code (inc. data)   RO Data    RW Data    ZI Data      Debug   Library Member Name

         4          0          0          0          0        412   new.cpp.o
         4          0          0          0          0         36   abort_message.cpp.o
        52          0        147          0          0         76   cxa_guard.cpp.o
        76          0          0          0          0         84   sqrt.o
        72          8          0          0          0         84   aeabi_atexit.o
         8          4          0          4          0         68   cpp_dtor.o
         2          0          0          0          0         68   cpp_final.o
        10          0          0          0          0         68   cxa_atexit.o
       100          8          0          4          0         88   cxa_finalize.o
         0          0          0          0          0          0   entry.o
         0          0          0          0          0          0   entry10a.o
         4          0          0          0          0          0   entry10b.o
         0          0          0          0          0          0   entry11a.o
         8          4          0          0          0          0   entry2.o
         4          0          0          0          0          0   entry5.o
         0          0          0          0          0          0   entry7b.o
         0          0          0          0          0          0   entry8b.o
         8          4          0          0          0          0   entry9a.o
        12          6          0          4          0         68   errno.o
        30          0          0          0          0          0   handlers.o
        48         10          0          0          0         68   init.o
         0          0          0          0          0          0   iusefp.o
        30          0          0          0          0         68   llshl.o
        36          0          0          0          0         68   llsshr.o
        32          0          0          0          0         68   llushr.o
       246         22          0          0          0        232   malloca.o
         0          0          0          8          0          0   mvars.o
      2258         90          0          0          0        452   printfa.o
        36          6          0          0          0         80   puts.o
         0          0          0          4          0          0   stdout.o
        44          0          0          0          0         80   uidiv.o
        98          0          0          0          0         92   uldiv.o
        48          0          0          0          0         68   cdrcmple.o
       334          0          0          0          0        148   dadd.o
        54          0          0          0          0         80   dcmple.o
        54          0          0          0          0         80   dcmplt.o
       222          0          0          0          0        100   ddiv.o
       186          0          0          0          0        176   depilogue.o
        62          0          0          0          0         80   dfixi.o
        48          0          0          0          0         68   dfixul.o
        26          0          0          0          0         76   dfltui.o
       228          0          0          0          0         96   dmul.o
       162          0          0          0          0        100   dsqrt.o
        38          0          0          0          0         68   f2d.o
       176          0          0          0          0        140   fadd.o
        28          0          0          0          0         68   fcmpgt.o
        28          0          0          0          0         68   fcmple.o
       124          0          0          0          0         88   fdiv.o
       110          0          0          0          0        168   fepilogue.o
        50          0          0          0          0         68   ffixi.o
        18          0          0          0          0         68   fflti.o
        10          0          0          0          0         68   ffltui.o
       100          0          0          0          0         76   fmul.o

    ----------------------------------------------------------------------
      5338        162        147         24          0       4212   Library Totals
        10          0          0          0          0          0   (incl. Padding)

    ----------------------------------------------------------------------

      Code (inc. data)   RO Data    RW Data    ZI Data      Debug   Library Name

         4          0          0          0          0        412   libcpp_w.l
        56          0        147          0          0        112   libcppabi_w.l
        76          0          0          0          0         84   m_ws.l
      3086        162          0         24          0       1652   mc_w.l
      2106          0          0          0          0       1952   mf_w.l

    ----------------------------------------------------------------------
      5338        162        147         24          0       4212   Library Totals

    ----------------------------------------------------------------------

==============================================================================


      Code (inc. data)   RO Data    RW Data    ZI Data      Debug   

     28104        538      31316        108      14556     425755   Grand Totals
     28104        538      31316        108      14556     425755   ELF Image Totals
     28104        538      31316        108          0          0   ROM Totals

==============================================================================

    Total RO  Size (Code + RO Data)                59420 (  58.03kB)
    Total RW  Size (RW Data + ZI Data)             14664 (  14.32kB)
    Total ROM Size (Code + RO Data + RW Data)      59528 (  58.13kB)

==============================================================================

