<html>
<body>
<pre>
<h1>�Vision Build Log</h1>
<h2>Tool Versions:</h2>
IDE-Version: µVision V5.42.0.0
Copyright (C) 2025 ARM Ltd and ARM Germany GmbH. All rights reserved.
License Information: 1 1
1
User-based license: Keil MDK Community (non-commercial free of charge)
Valid until: Jun 1 2033. Cached until: Jun 27 2025
 
Tool Versions:
Toolchain:       Keil MDK Community (non-commercial free of charge  Version: 5.42.0.0
Toolchain Path:  D:\Software\Apps\Keil\Keil_v5\ARM\ARMCLANG\Bin
C Compiler:      ArmClang.exe V6.23
Assembler:       Armasm.exe V6.23
Linker/Locator:  ArmLink.exe V6.23
Library Manager: ArmAr.exe V6.23
Hex Converter:   FromElf.exe V6.23
CPU DLL:         SARMCM3.DLL V5.42.0.0
Dialog DLL:      DCM.DLL V1.17.5.0
Target DLL:      CMSIS_AGDI.dll V1.33.22.0
Dialog DLL:      TCM.DLL V1.56.6.0
 
<h2>Project:</h2>
D:\Software\Data\Desktop\备份 嵌入式作业\2\new and delete\STM32_Menu.uvprojx
Project File Date:  06/20/2025

<h2>Output:</h2>
*** Using Compiler 'V6.23', folder: 'D:\Software\Apps\Keil\Keil_v5\ARM\ARMCLANG\Bin'
*** Warning: You are compiling one or more files of source type C++ and have selected 'use MicroLIB'. MicroLIB does not support C++!
  
Rebuild target 'STM32菜单'
assembling startup_stm32f10x_hd.s...
compiling system_stm32f10x.c...
compiling stm32f10x_gpio.c...
compiling stm32f10x_rcc.c...
compiling misc.c...
compiling stm32f10x_exti.c...
compiling stm32f10x_flash.c...
compiling stm32f10x_usart.c...
compiling stm32f10x_spi.c...
compiling stm32f10x_adc.c...
compiling stm32f10x_tim.c...
compiling croutine.c...
compiling event_groups.c...
compiling list.c...
compiling queue.c...
compiling stream_buffer.c...
compiling tasks.c...
compiling timers.c...
compiling heap_4.c...
compiling port.c...
compiling main.cpp...
compiling stm32f10x_it.cpp...
compiling bsp_exti.cpp...
compiling bsp_SysTick.cpp...
compiling bsp_usart.cpp...
compiling bsp_JQ8900.cpp...
compiling bsp_ESPxx.cpp...
compiling bsp_adc.cpp...
compiling bsp_AdvanceTim.cpp...
compiling bsp_GeneralTim.cpp...
compiling application.cpp...
compiling bsp_lcd.cpp...
compiling lcdFont.cpp...
compiling bsp_segdz.cpp...
compiling bsp_oled.cpp...
compiling oledFont.cpp...
compiling bsp_gui.cpp...
compiling touch.cpp...
compiling bsp_i2c_ee.cpp...
compiling bsp_i2c_gpio.cpp...
compiling bsp_i2c_lm75.cpp...
compiling key_board.cpp...
compiling bsp_led.cpp...
compiling bsp_spi_bus.cpp...
compiling bsp_tlink.cpp...
compiling util.cpp...
compiling board.cpp...
compiling school-STM32F103VCT6.cpp...
linking...
Program Size: Code=28104 RO-data=31316 RW-data=108 ZI-data=14556  
FromELF: creating hex file...
".\build\output\STM32_Menu.axf" - 0 Error(s), 0 Warning(s).

<h2>Software Packages used:</h2>

Package Vendor: Keil
                https://www.keil.com/pack/Keil.STM32F1xx_DFP.2.4.1.pack
                Keil::STM32F1xx_DFP@2.4.1
                STMicroelectronics STM32F1 Series Device Support, Drivers and Examples

<h2>Collection of Component include folders:</h2>
  D:/Software/Apps/Keil/Arm/Packs/Keil/STM32F1xx_DFP/2.4.1/Device/Include

<h2>Collection of Component Files used:</h2>
Build Time Elapsed:  00:00:09
</pre>
</body>
</html>
